Warning messages:
1: package ‘BiocGenerics’ was built under R version 4.5.1 
2: package ‘S4Vectors’ was built under R version 4.5.1 
3: package ‘GenomeInfoDb’ was built under R version 4.5.1 
4: package ‘AnnotationDbi’ was built under R version 4.5.1 
Preparing TxDb from GTF...
Loading cached TxDb: data/cache/pcg_gencode.v45.annotation.gtf.gz.sqlite
Connecting to biomaRt...
Using Ensembl dataset: hsapiens_gene_ensembl (mart: genes)
Attempt 1: Connecting to main Ensembl site...
Ensembl site unresponsive, trying asia mirror
Extracting gene lists...
Warning messages:
1: In S4Vectors:::anyMissing(runValue(x_seqnames)) :
  'S4Vectors:::anyMissing()' is deprecated.
Use 'anyNA()' instead.
See help("Deprecated")
2: In S4Vectors:::anyMissing(runValue(strand(x))) :
  'S4Vectors:::anyMissing()' is deprecated.
Use 'anyNA()' instead.
See help("Deprecated")
3: In S4Vectors:::anyMissing(runValue(x_seqnames)) :
  'S4Vectors:::anyMissing()' is deprecated.
Use 'anyNA()' instead.
See help("Deprecated")
4: In S4Vectors:::anyMissing(runValue(strand(x))) :
  'S4Vectors:::anyMissing()' is deprecated.
Use 'anyNA()' instead.
See help("Deprecated")
5: In S4Vectors:::anyMissing(runValue(x_seqnames)) :
  'S4Vectors:::anyMissing()' is deprecated.
Use 'anyNA()' instead.
See help("Deprecated")
6: In S4Vectors:::anyMissing(runValue(strand(x))) :
  'S4Vectors:::anyMissing()' is deprecated.
Use 'anyNA()' instead.
See help("Deprecated")
Found Genes: Lost=562 Preserved=316 Background=20049
Using default genomic background (all genes in TxDb).
Fetching background domains...
Loading cached domains from: data/cache/domains_bg_hsapiens_gene_ensembl_a9b6c2442d06d58afbc6e6bf0c9cff31.rds
Directionality enabled: Splitting by dPSI...
Calculating enrichment for Lost_psI...
Calculating enrichment for Lost_psE...
Calculating enrichment for Preserved_psI...
Calculating enrichment for Preserved_psE...
Saved enrichment results to hs_RI_direct/human/nucleus/domain_enrichment.tsv
Loading cached biophysical attributes from: data/cache/biophys_bg_hsapiens_gene_ensembl_a9b6c2442d06d58afbc6e6bf0c9cff31.rds
Saved biophysical enrichment to hs_RI_direct/human/nucleus/biophysical_enrichment.tsv
Done.
