[INFO] Loading GTF: /Users/ranjithpapareddy/Desktop/Desktop-Ranjith-iMac/forGIT/UFMylation_Ribosome_stalling_RNA_Splicing/Part4_Splicing_Analysis/data/human/pcg_gencode.v45.annotation.gtf.gz
[INFO] Loaded 170476 transcripts.
[INFO] Extracting Introns...
[INFO] Found 314423 unique introns.
[INFO] Classifying Introns...
... processed 0 introns
... processed 10000 introns
... processed 20000 introns
... processed 30000 introns
... processed 40000 introns
... processed 50000 introns
... processed 60000 introns
... processed 70000 introns
... processed 80000 introns
... processed 90000 introns
... processed 100000 introns
... processed 110000 introns
... processed 120000 introns
... processed 130000 introns
... processed 140000 introns
... processed 150000 introns
... processed 160000 introns
... processed 170000 introns
... processed 180000 introns
... processed 190000 introns
... processed 200000 introns
... processed 210000 introns
... processed 220000 introns
... processed 230000 introns
... processed 240000 introns
... processed 250000 introns
... processed 260000 introns
... processed 270000 introns
... processed 280000 introns
... processed 290000 introns
... processed 300000 introns
... processed 310000 introns
[INFO] Writing counts...
[DONE] Saved to hs_RI_direct/human/nucleus/genome_RI_background_counts.tsv
