[INFO] Parsing GTF: /Users/ranjithpapareddy/Desktop/Desktop-Ranjith-iMac/forGIT/UFMylation_Ribosome_stalling_RNA_Splicing/Part4_Splicing_Analysis/data/human/pcg_gencode.v45.annotation.gtf.gz
[INFO] Found 1218173 introns in GTF.
[INFO] Loading exclusions from hs_RI_direct/human/nucleus/step01_data_prep/UFM1_dependent_dPSI_negative.tsv...
[INFO] Loading exclusions from hs_RI_direct/human/nucleus/step01_data_prep/UFM1_independent_dPSI_negative.tsv...
[INFO] 250 unique RI events to exclude.
[INFO] 1215568 constitutive introns remaining.
[INFO] Sampling 5000 introns...
[INFO] Writing to hs_RI_direct/human/nucleus/step10_motif_analysis/RI_DeepDive_dPSI_negative/constitutive_introns.bed...
Warning messages:
1: package ‘ggplot2’ was built under R version 4.4.3 
2: package ‘dplyr’ was built under R version 4.4.3 
3: package ‘tidyr’ was built under R version 4.4.3 
4: package ‘gridExtra’ was built under R version 4.4.3 
null device 
          1 
Added /Users/ranjithpapareddy/Desktop/Desktop-Ranjith-iMac/forGIT/UFMylation_Ribosome_stalling_RNA_Splicing/Part4_Splicing_Analysis/data/motifs/CisBP_Human_All.meme to motif_sources which now has 1 file names.
Motif file name is /Users/ranjithpapareddy/Desktop/Desktop-Ranjith-iMac/forGIT/UFMylation_Ribosome_stalling_RNA_Splicing/Part4_Splicing_Analysis/data/motifs/CisBP_Human_All.meme.
Writing results to output directory 'hs_RI_direct/human/nucleus/step10_motif_analysis/RI_DeepDive_dPSI_negative/ame_UFM1_dependent_vs_constitutive'.
E-value threshold for reporting results: 1000
Checking alphabets in 1 motif files.
Loading motifs from file '/Users/ranjithpapareddy/Desktop/Desktop-Ranjith-iMac/forGIT/UFMylation_Ribosome_stalling_RNA_Splicing/Part4_Splicing_Analysis/data/motifs/CisBP_Human_All.meme'
Loading primary sequences.
Loading control sequences.
Skipping sequence Const_1335_ENST00000465127.1::X:37426000-38666120(+) because it is too long (maximum=1000000).
Not in partition maximization mode. Fixing partition at the number of primary sequences (150).
MOTIF: 1 SEQ: 1000/1485
MOTIF: 1 SEQ: 1485/1485
Sorting sequences by sequence PWM score to get PWM ranks; breaking ties to put negatives first.
Leaving sequences sorted by PWM score.
Optimizing over sequence PWM score threshold.
MOTIF: 2 SEQ: 1000/1485
MOTIF: 2 SEQ: 1485/1485
MOTIF: 3 SEQ: 1000/1485
MOTIF: 3 SEQ: 1485/1485
MOTIF: 4 SEQ: 1000/1485
MOTIF: 4 SEQ: 1485/1485
MOTIF: 5 SEQ: 1000/1485
MOTIF: 5 SEQ: 1485/1485
MOTIF: 6 SEQ: 1000/1485
MOTIF: 6 SEQ: 1485/1485
MOTIF: 7 SEQ: 1000/1485
MOTIF: 7 SEQ: 1485/1485
MOTIF: 8 SEQ: 1000/1485
MOTIF: 8 SEQ: 1485/1485
MOTIF: 9 SEQ: 1000/1485
MOTIF: 9 SEQ: 1485/1485
MOTIF: 10 SEQ: 1000/1485
MOTIF: 10 SEQ: 1485/1485
MOTIF: 11 SEQ: 1000/1485
MOTIF: 11 SEQ: 1485/1485
MOTIF: 12 SEQ: 1000/1485
MOTIF: 12 SEQ: 1485/1485
MOTIF: 13 SEQ: 1000/1485
MOTIF: 13 SEQ: 1485/1485
MOTIF: 14 SEQ: 1000/1485
MOTIF: 14 SEQ: 1485/1485
MOTIF: 15 SEQ: 1000/1485
MOTIF: 15 SEQ: 1485/1485
MOTIF: 16 SEQ: 1000/1485
MOTIF: 16 SEQ: 1485/1485
MOTIF: 17 SEQ: 1000/1485
MOTIF: 17 SEQ: 1485/1485
MOTIF: 18 SEQ: 1000/1485
MOTIF: 18 SEQ: 1485/1485
MOTIF: 19 SEQ: 1000/1485
MOTIF: 19 SEQ: 1485/1485
MOTIF: 20 SEQ: 1000/1485
MOTIF: 20 SEQ: 1485/1485
MOTIF: 21 SEQ: 1000/1485
MOTIF: 21 SEQ: 1485/1485
MOTIF: 22 SEQ: 1000/1485
MOTIF: 22 SEQ: 1485/1485
MOTIF: 23 SEQ: 1000/1485
MOTIF: 23 SEQ: 1485/1485
MOTIF: 24 SEQ: 1000/1485
MOTIF: 24 SEQ: 1485/1485
MOTIF: 25 SEQ: 1000/1485
MOTIF: 25 SEQ: 1485/1485
MOTIF: 26 SEQ: 1000/1485
MOTIF: 26 SEQ: 1485/1485
MOTIF: 27 SEQ: 1000/1485
MOTIF: 27 SEQ: 1485/1485
MOTIF: 28 SEQ: 1000/1485
MOTIF: 28 SEQ: 1485/1485
MOTIF: 29 SEQ: 1000/1485
MOTIF: 29 SEQ: 1485/1485
MOTIF: 30 SEQ: 1000/1485
MOTIF: 30 SEQ: 1485/1485
MOTIF: 31 SEQ: 1000/1485
MOTIF: 31 SEQ: 1485/1485
MOTIF: 32 SEQ: 1000/1485
MOTIF: 32 SEQ: 1485/1485
MOTIF: 33 SEQ: 1000/1485
MOTIF: 33 SEQ: 1485/1485
MOTIF: 34 SEQ: 1000/1485
MOTIF: 34 SEQ: 1485/1485
MOTIF: 35 SEQ: 1000/1485
MOTIF: 35 SEQ: 1485/1485
MOTIF: 36 SEQ: 1000/1485
MOTIF: 36 SEQ: 1485/1485
MOTIF: 37 SEQ: 1000/1485
MOTIF: 37 SEQ: 1485/1485
MOTIF: 38 SEQ: 1000/1485
MOTIF: 38 SEQ: 1485/1485
MOTIF: 39 SEQ: 1000/1485
MOTIF: 39 SEQ: 1485/1485
MOTIF: 40 SEQ: 1000/1485
MOTIF: 40 SEQ: 1485/1485
MOTIF: 41 SEQ: 1000/1485
MOTIF: 41 SEQ: 1485/1485
MOTIF: 42 SEQ: 1000/1485
MOTIF: 42 SEQ: 1485/1485
MOTIF: 43 SEQ: 1000/1485
MOTIF: 43 SEQ: 1485/1485
MOTIF: 44 SEQ: 1000/1485
MOTIF: 44 SEQ: 1485/1485
MOTIF: 45 SEQ: 1000/1485
MOTIF: 45 SEQ: 1485/1485
MOTIF: 46 SEQ: 1000/1485
MOTIF: 46 SEQ: 1485/1485
MOTIF: 47 SEQ: 1000/1485
MOTIF: 47 SEQ: 1485/1485
MOTIF: 48 SEQ: 1000/1485
MOTIF: 48 SEQ: 1485/1485
MOTIF: 49 SEQ: 1000/1485
MOTIF: 49 SEQ: 1485/1485
MOTIF: 50 SEQ: 1000/1485
MOTIF: 50 SEQ: 1485/1485
MOTIF: 51 SEQ: 1000/1485
MOTIF: 51 SEQ: 1485/1485
MOTIF: 52 SEQ: 1000/1485
MOTIF: 52 SEQ: 1485/1485
MOTIF: 53 SEQ: 1000/1485
MOTIF: 53 SEQ: 1485/1485
MOTIF: 54 SEQ: 1000/1485
MOTIF: 54 SEQ: 1485/1485
MOTIF: 55 SEQ: 1000/1485
MOTIF: 55 SEQ: 1485/1485
MOTIF: 56 SEQ: 1000/1485
MOTIF: 56 SEQ: 1485/1485
MOTIF: 57 SEQ: 1000/1485
MOTIF: 57 SEQ: 1485/1485
MOTIF: 58 SEQ: 1000/1485
MOTIF: 58 SEQ: 1485/1485
MOTIF: 59 SEQ: 1000/1485
MOTIF: 59 SEQ: 1485/1485
MOTIF: 60 SEQ: 1000/1485
MOTIF: 60 SEQ: 1485/1485
MOTIF: 61 SEQ: 1000/1485
MOTIF: 61 SEQ: 1485/1485
MOTIF: 62 SEQ: 1000/1485
MOTIF: 62 SEQ: 1485/1485
MOTIF: 63 SEQ: 1000/1485
MOTIF: 63 SEQ: 1485/1485
MOTIF: 64 SEQ: 1000/1485
MOTIF: 64 SEQ: 1485/1485
MOTIF: 65 SEQ: 1000/1485
MOTIF: 65 SEQ: 1485/1485
MOTIF: 66 SEQ: 1000/1485
MOTIF: 66 SEQ: 1485/1485
MOTIF: 67 SEQ: 1000/1485
MOTIF: 67 SEQ: 1485/1485
MOTIF: 68 SEQ: 1000/1485
MOTIF: 68 SEQ: 1485/1485
MOTIF: 69 SEQ: 1000/1485
MOTIF: 69 SEQ: 1485/1485
MOTIF: 70 SEQ: 1000/1485
MOTIF: 70 SEQ: 1485/1485
MOTIF: 71 SEQ: 1000/1485
MOTIF: 71 SEQ: 1485/1485
MOTIF: 72 SEQ: 1000/1485
MOTIF: 72 SEQ: 1485/1485
MOTIF: 73 SEQ: 1000/1485
MOTIF: 73 SEQ: 1485/1485
MOTIF: 74 SEQ: 1000/1485
MOTIF: 74 SEQ: 1485/1485
MOTIF: 75 SEQ: 1000/1485
MOTIF: 75 SEQ: 1485/1485
MOTIF: 76 SEQ: 1000/1485
MOTIF: 76 SEQ: 1485/1485
MOTIF: 77 SEQ: 1000/1485
MOTIF: 77 SEQ: 1485/1485
MOTIF: 78 SEQ: 1000/1485
MOTIF: 78 SEQ: 1485/1485
MOTIF: 79 SEQ: 1000/1485
MOTIF: 79 SEQ: 1485/1485
MOTIF: 80 SEQ: 1000/1485
MOTIF: 80 SEQ: 1485/1485
MOTIF: 81 SEQ: 1000/1485
MOTIF: 81 SEQ: 1485/1485
MOTIF: 82 SEQ: 1000/1485
MOTIF: 82 SEQ: 1485/1485
MOTIF: 83 SEQ: 1000/1485
MOTIF: 83 SEQ: 1485/1485
MOTIF: 84 SEQ: 1000/1485
MOTIF: 84 SEQ: 1485/1485
MOTIF: 85 SEQ: 1000/1485
MOTIF: 85 SEQ: 1485/1485
MOTIF: 86 SEQ: 1000/1485
MOTIF: 86 SEQ: 1485/1485
MOTIF: 87 SEQ: 1000/1485
MOTIF: 87 SEQ: 1485/1485
MOTIF: 88 SEQ: 1000/1485
MOTIF: 88 SEQ: 1485/1485
MOTIF: 89 SEQ: 1000/1485
MOTIF: 89 SEQ: 1485/1485
MOTIF: 90 SEQ: 1000/1485
MOTIF: 90 SEQ: 1485/1485
MOTIF: 91 SEQ: 1000/1485
MOTIF: 91 SEQ: 1485/1485
MOTIF: 92 SEQ: 1000/1485
MOTIF: 92 SEQ: 1485/1485
MOTIF: 93 SEQ: 1000/1485
MOTIF: 93 SEQ: 1485/1485
MOTIF: 94 SEQ: 1000/1485
MOTIF: 94 SEQ: 1485/1485
MOTIF: 95 SEQ: 1000/1485
MOTIF: 95 SEQ: 1485/1485
MOTIF: 96 SEQ: 1000/1485
MOTIF: 96 SEQ: 1485/1485
MOTIF: 97 SEQ: 1000/1485
MOTIF: 97 SEQ: 1485/1485
MOTIF: 98 SEQ: 1000/1485
MOTIF: 98 SEQ: 1485/1485
MOTIF: 99 SEQ: 1000/1485
MOTIF: 99 SEQ: 1485/1485
MOTIF: 100 SEQ: 1000/1485
MOTIF: 100 SEQ: 1485/1485
MOTIF: 101 SEQ: 1000/1485
MOTIF: 101 SEQ: 1485/1485
MOTIF: 102 SEQ: 1000/1485
MOTIF: 102 SEQ: 1485/1485
MOTIF: 103 SEQ: 1000/1485
MOTIF: 103 SEQ: 1485/1485
MOTIF: 104 SEQ: 1000/1485
MOTIF: 104 SEQ: 1485/1485
MOTIF: 105 SEQ: 1000/1485
MOTIF: 105 SEQ: 1485/1485
MOTIF: 106 SEQ: 1000/1485
MOTIF: 106 SEQ: 1485/1485
MOTIF: 107 SEQ: 1000/1485
MOTIF: 107 SEQ: 1485/1485
MOTIF: 108 SEQ: 1000/1485
MOTIF: 108 SEQ: 1485/1485
MOTIF: 109 SEQ: 1000/1485
MOTIF: 109 SEQ: 1485/1485
MOTIF: 110 SEQ: 1000/1485
MOTIF: 110 SEQ: 1485/1485
MOTIF: 111 SEQ: 1000/1485
MOTIF: 111 SEQ: 1485/1485
MOTIF: 112 SEQ: 1000/1485
MOTIF: 112 SEQ: 1485/1485
MOTIF: 113 SEQ: 1000/1485
MOTIF: 113 SEQ: 1485/1485
MOTIF: 114 SEQ: 1000/1485
MOTIF: 114 SEQ: 1485/1485
MOTIF: 115 SEQ: 1000/1485
MOTIF: 115 SEQ: 1485/1485
MOTIF: 116 SEQ: 1000/1485
MOTIF: 116 SEQ: 1485/1485
MOTIF: 117 SEQ: 1000/1485
MOTIF: 117 SEQ: 1485/1485
MOTIF: 118 SEQ: 1000/1485
MOTIF: 118 SEQ: 1485/1485
MOTIF: 119 SEQ: 1000/1485
MOTIF: 119 SEQ: 1485/1485
MOTIF: 120 SEQ: 1000/1485
MOTIF: 120 SEQ: 1485/1485
MOTIF: 121 SEQ: 1000/1485
MOTIF: 121 SEQ: 1485/1485
MOTIF: 122 SEQ: 1000/1485
MOTIF: 122 SEQ: 1485/1485
MOTIF: 123 SEQ: 1000/1485
MOTIF: 123 SEQ: 1485/1485
MOTIF: 124 SEQ: 1000/1485
MOTIF: 124 SEQ: 1485/1485
MOTIF: 125 SEQ: 1000/1485
MOTIF: 125 SEQ: 1485/1485
MOTIF: 126 SEQ: 1000/1485
MOTIF: 126 SEQ: 1485/1485
MOTIF: 127 SEQ: 1000/1485
MOTIF: 127 SEQ: 1485/1485
MOTIF: 128 SEQ: 1000/1485
MOTIF: 128 SEQ: 1485/1485
MOTIF: 129 SEQ: 1000/1485
MOTIF: 129 SEQ: 1485/1485
MOTIF: 130 SEQ: 1000/1485
MOTIF: 130 SEQ: 1485/1485
MOTIF: 131 SEQ: 1000/1485
MOTIF: 131 SEQ: 1485/1485
MOTIF: 132 SEQ: 1000/1485
MOTIF: 132 SEQ: 1485/1485
MOTIF: 133 SEQ: 1000/1485
MOTIF: 133 SEQ: 1485/1485
MOTIF: 134 SEQ: 1000/1485
MOTIF: 134 SEQ: 1485/1485
MOTIF: 135 SEQ: 1000/1485
MOTIF: 135 SEQ: 1485/1485
MOTIF: 136 SEQ: 1000/1485
MOTIF: 136 SEQ: 1485/1485
MOTIF: 137 SEQ: 1000/1485
MOTIF: 137 SEQ: 1485/1485
MOTIF: 138 SEQ: 1000/1485
MOTIF: 138 SEQ: 1485/1485
MOTIF: 139 SEQ: 1000/1485
MOTIF: 139 SEQ: 1485/1485
MOTIF: 140 SEQ: 1000/1485
MOTIF: 140 SEQ: 1485/1485
MOTIF: 141 SEQ: 1000/1485
MOTIF: 141 SEQ: 1485/1485
MOTIF: 142 SEQ: 1000/1485
MOTIF: 142 SEQ: 1485/1485
MOTIF: 143 SEQ: 1000/1485
MOTIF: 143 SEQ: 1485/1485
MOTIF: 144 SEQ: 1000/1485
MOTIF: 144 SEQ: 1485/1485
MOTIF: 145 SEQ: 1000/1485
MOTIF: 145 SEQ: 1485/1485
MOTIF: 146 SEQ: 1000/1485
MOTIF: 146 SEQ: 1485/1485
MOTIF: 147 SEQ: 1000/1485
MOTIF: 147 SEQ: 1485/1485
MOTIF: 148 SEQ: 1000/1485
MOTIF: 148 SEQ: 1485/1485
MOTIF: 149 SEQ: 1000/1485
MOTIF: 149 SEQ: 1485/1485
MOTIF: 150 SEQ: 1000/1485
MOTIF: 150 SEQ: 1485/1485
MOTIF: 151 SEQ: 1000/1485
MOTIF: 151 SEQ: 1485/1485
MOTIF: 152 SEQ: 1000/1485
MOTIF: 152 SEQ: 1485/1485
MOTIF: 153 SEQ: 1000/1485
MOTIF: 153 SEQ: 1485/1485
MOTIF: 154 SEQ: 1000/1485
MOTIF: 154 SEQ: 1485/1485
MOTIF: 155 SEQ: 1000/1485
MOTIF: 155 SEQ: 1485/1485
MOTIF: 156 SEQ: 1000/1485
MOTIF: 156 SEQ: 1485/1485
MOTIF: 157 SEQ: 1000/1485
MOTIF: 157 SEQ: 1485/1485
MOTIF: 158 SEQ: 1000/1485
MOTIF: 158 SEQ: 1485/1485
MOTIF: 159 SEQ: 1000/1485
MOTIF: 159 SEQ: 1485/1485
MOTIF: 160 SEQ: 1000/1485
MOTIF: 160 SEQ: 1485/1485
MOTIF: 161 SEQ: 1000/1485
MOTIF: 161 SEQ: 1485/1485
MOTIF: 162 SEQ: 1000/1485
MOTIF: 162 SEQ: 1485/1485
MOTIF: 163 SEQ: 1000/1485
MOTIF: 163 SEQ: 1485/1485
MOTIF: 164 SEQ: 1000/1485
MOTIF: 164 SEQ: 1485/1485
MOTIF: 165 SEQ: 1000/1485
MOTIF: 165 SEQ: 1485/1485
MOTIF: 166 SEQ: 1000/1485
MOTIF: 166 SEQ: 1485/1485
MOTIF: 167 SEQ: 1000/1485
MOTIF: 167 SEQ: 1485/1485
MOTIF: 168 SEQ: 1000/1485
MOTIF: 168 SEQ: 1485/1485
MOTIF: 169 SEQ: 1000/1485
MOTIF: 169 SEQ: 1485/1485
MOTIF: 170 SEQ: 1000/1485
MOTIF: 170 SEQ: 1485/1485
MOTIF: 171 SEQ: 1000/1485
MOTIF: 171 SEQ: 1485/1485
MOTIF: 172 SEQ: 1000/1485
MOTIF: 172 SEQ: 1485/1485
MOTIF: 173 SEQ: 1000/1485
MOTIF: 173 SEQ: 1485/1485
MOTIF: 174 SEQ: 1000/1485
MOTIF: 174 SEQ: 1485/1485
MOTIF: 175 SEQ: 1000/1485
MOTIF: 175 SEQ: 1485/1485
MOTIF: 176 SEQ: 1000/1485
MOTIF: 176 SEQ: 1485/1485
MOTIF: 177 SEQ: 1000/1485
MOTIF: 177 SEQ: 1485/1485
MOTIF: 178 SEQ: 1000/1485
MOTIF: 178 SEQ: 1485/1485
MOTIF: 179 SEQ: 1000/1485
MOTIF: 179 SEQ: 1485/1485
MOTIF: 180 SEQ: 1000/1485
MOTIF: 180 SEQ: 1485/1485
MOTIF: 181 SEQ: 1000/1485
MOTIF: 181 SEQ: 1485/1485
MOTIF: 182 SEQ: 1000/1485
MOTIF: 182 SEQ: 1485/1485
MOTIF: 183 SEQ: 1000/1485
MOTIF: 183 SEQ: 1485/1485
MOTIF: 184 SEQ: 1000/1485
MOTIF: 184 SEQ: 1485/1485
MOTIF: 185 SEQ: 1000/1485
MOTIF: 185 SEQ: 1485/1485
MOTIF: 186 SEQ: 1000/1485
MOTIF: 186 SEQ: 1485/1485
MOTIF: 187 SEQ: 1000/1485
MOTIF: 187 SEQ: 1485/1485
MOTIF: 188 SEQ: 1000/1485
MOTIF: 188 SEQ: 1485/1485
MOTIF: 189 SEQ: 1000/1485
MOTIF: 189 SEQ: 1485/1485
MOTIF: 190 SEQ: 1000/1485
MOTIF: 190 SEQ: 1485/1485
MOTIF: 191 SEQ: 1000/1485
MOTIF: 191 SEQ: 1485/1485
MOTIF: 192 SEQ: 1000/1485
MOTIF: 192 SEQ: 1485/1485
MOTIF: 193 SEQ: 1000/1485
MOTIF: 193 SEQ: 1485/1485
MOTIF: 194 SEQ: 1000/1485
MOTIF: 194 SEQ: 1485/1485
MOTIF: 195 SEQ: 1000/1485
MOTIF: 195 SEQ: 1485/1485
MOTIF: 196 SEQ: 1000/1485
MOTIF: 196 SEQ: 1485/1485
MOTIF: 197 SEQ: 1000/1485
MOTIF: 197 SEQ: 1485/1485
MOTIF: 198 SEQ: 1000/1485
MOTIF: 198 SEQ: 1485/1485
MOTIF: 199 SEQ: 1000/1485
MOTIF: 199 SEQ: 1485/1485
MOTIF: 200 SEQ: 1000/1485
MOTIF: 200 SEQ: 1485/1485
MOTIF: 201 SEQ: 1000/1485
MOTIF: 201 SEQ: 1485/1485
MOTIF: 202 SEQ: 1000/1485
MOTIF: 202 SEQ: 1485/1485
MOTIF: 203 SEQ: 1000/1485
MOTIF: 203 SEQ: 1485/1485
MOTIF: 204 SEQ: 1000/1485
MOTIF: 204 SEQ: 1485/1485
MOTIF: 205 SEQ: 1000/1485
MOTIF: 205 SEQ: 1485/1485
MOTIF: 206 SEQ: 1000/1485
MOTIF: 206 SEQ: 1485/1485
MOTIF: 207 SEQ: 1000/1485
MOTIF: 207 SEQ: 1485/1485
MOTIF: 208 SEQ: 1000/1485
MOTIF: 208 SEQ: 1485/1485
MOTIF: 209 SEQ: 1000/1485
MOTIF: 209 SEQ: 1485/1485
MOTIF: 210 SEQ: 1000/1485
MOTIF: 210 SEQ: 1485/1485
MOTIF: 211 SEQ: 1000/1485
MOTIF: 211 SEQ: 1485/1485
MOTIF: 212 SEQ: 1000/1485
MOTIF: 212 SEQ: 1485/1485
MOTIF: 213 SEQ: 1000/1485
MOTIF: 213 SEQ: 1485/1485
MOTIF: 214 SEQ: 1000/1485
MOTIF: 214 SEQ: 1485/1485
MOTIF: 215 SEQ: 1000/1485
MOTIF: 215 SEQ: 1485/1485
MOTIF: 216 SEQ: 1000/1485
MOTIF: 216 SEQ: 1485/1485
MOTIF: 217 SEQ: 1000/1485
MOTIF: 217 SEQ: 1485/1485
MOTIF: 218 SEQ: 1000/1485
MOTIF: 218 SEQ: 1485/1485
MOTIF: 219 SEQ: 1000/1485
MOTIF: 219 SEQ: 1485/1485
MOTIF: 220 SEQ: 1000/1485
MOTIF: 220 SEQ: 1485/1485
MOTIF: 221 SEQ: 1000/1485
MOTIF: 221 SEQ: 1485/1485
MOTIF: 222 SEQ: 1000/1485
MOTIF: 222 SEQ: 1485/1485
MOTIF: 223 SEQ: 1000/1485
MOTIF: 223 SEQ: 1485/1485
MOTIF: 224 SEQ: 1000/1485
MOTIF: 224 SEQ: 1485/1485
MOTIF: 225 SEQ: 1000/1485
MOTIF: 225 SEQ: 1485/1485
MOTIF: 226 SEQ: 1000/1485
MOTIF: 226 SEQ: 1485/1485
MOTIF: 227 SEQ: 1000/1485
MOTIF: 227 SEQ: 1485/1485
MOTIF: 228 SEQ: 1000/1485
MOTIF: 228 SEQ: 1485/1485
MOTIF: 229 SEQ: 1000/1485
MOTIF: 229 SEQ: 1485/1485
MOTIF: 230 SEQ: 1000/1485
MOTIF: 230 SEQ: 1485/1485
MOTIF: 231 SEQ: 1000/1485
MOTIF: 231 SEQ: 1485/1485
MOTIF: 232 SEQ: 1000/1485
MOTIF: 232 SEQ: 1485/1485
MOTIF: 233 SEQ: 1000/1485
MOTIF: 233 SEQ: 1485/1485
MOTIF: 234 SEQ: 1000/1485
MOTIF: 234 SEQ: 1485/1485
MOTIF: 235 SEQ: 1000/1485
MOTIF: 235 SEQ: 1485/1485
MOTIF: 236 SEQ: 1000/1485
MOTIF: 236 SEQ: 1485/1485
MOTIF: 237 SEQ: 1000/1485
MOTIF: 237 SEQ: 1485/1485
MOTIF: 238 SEQ: 1000/1485
MOTIF: 238 SEQ: 1485/1485
MOTIF: 239 SEQ: 1000/1485
MOTIF: 239 SEQ: 1485/1485
MOTIF: 240 SEQ: 1000/1485
MOTIF: 240 SEQ: 1485/1485
MOTIF: 241 SEQ: 1000/1485
MOTIF: 241 SEQ: 1485/1485
MOTIF: 242 SEQ: 1000/1485
MOTIF: 242 SEQ: 1485/1485
MOTIF: 243 SEQ: 1000/1485
MOTIF: 243 SEQ: 1485/1485
MOTIF: 244 SEQ: 1000/1485
MOTIF: 244 SEQ: 1485/1485
MOTIF: 245 SEQ: 1000/1485
MOTIF: 245 SEQ: 1485/1485
MOTIF: 246 SEQ: 1000/1485
MOTIF: 246 SEQ: 1485/1485
MOTIF: 247 SEQ: 1000/1485
MOTIF: 247 SEQ: 1485/1485
MOTIF: 248 SEQ: 1000/1485
MOTIF: 248 SEQ: 1485/1485
MOTIF: 249 SEQ: 1000/1485
MOTIF: 249 SEQ: 1485/1485
MOTIF: 250 SEQ: 1000/1485
MOTIF: 250 SEQ: 1485/1485
MOTIF: 251 SEQ: 1000/1485
MOTIF: 251 SEQ: 1485/1485
MOTIF: 252 SEQ: 1000/1485
MOTIF: 252 SEQ: 1485/1485
MOTIF: 253 SEQ: 1000/1485
MOTIF: 253 SEQ: 1485/1485
MOTIF: 254 SEQ: 1000/1485
MOTIF: 254 SEQ: 1485/1485
MOTIF: 255 SEQ: 1000/1485
MOTIF: 255 SEQ: 1485/1485
MOTIF: 256 SEQ: 1000/1485
MOTIF: 256 SEQ: 1485/1485
MOTIF: 257 SEQ: 1000/1485
MOTIF: 257 SEQ: 1485/1485
MOTIF: 258 SEQ: 1000/1485
MOTIF: 258 SEQ: 1485/1485
MOTIF: 259 SEQ: 1000/1485
MOTIF: 259 SEQ: 1485/1485
MOTIF: 260 SEQ: 1000/1485
MOTIF: 260 SEQ: 1485/1485
MOTIF: 261 SEQ: 1000/1485
MOTIF: 261 SEQ: 1485/1485
MOTIF: 262 SEQ: 1000/1485
MOTIF: 262 SEQ: 1485/1485
MOTIF: 263 SEQ: 1000/1485
MOTIF: 263 SEQ: 1485/1485
MOTIF: 264 SEQ: 1000/1485
MOTIF: 264 SEQ: 1485/1485
MOTIF: 265 SEQ: 1000/1485
MOTIF: 265 SEQ: 1485/1485
MOTIF: 266 SEQ: 1000/1485
MOTIF: 266 SEQ: 1485/1485
MOTIF: 267 SEQ: 1000/1485
MOTIF: 267 SEQ: 1485/1485
MOTIF: 268 SEQ: 1000/1485
MOTIF: 268 SEQ: 1485/1485
MOTIF: 269 SEQ: 1000/1485
MOTIF: 269 SEQ: 1485/1485
MOTIF: 270 SEQ: 1000/1485
MOTIF: 270 SEQ: 1485/1485
MOTIF: 271 SEQ: 1000/1485
MOTIF: 271 SEQ: 1485/1485
MOTIF: 272 SEQ: 1000/1485
MOTIF: 272 SEQ: 1485/1485
MOTIF: 273 SEQ: 1000/1485
MOTIF: 273 SEQ: 1485/1485
MOTIF: 274 SEQ: 1000/1485
MOTIF: 274 SEQ: 1485/1485
MOTIF: 275 SEQ: 1000/1485
MOTIF: 275 SEQ: 1485/1485
MOTIF: 276 SEQ: 1000/1485
MOTIF: 276 SEQ: 1485/1485
MOTIF: 277 SEQ: 1000/1485
MOTIF: 277 SEQ: 1485/1485
MOTIF: 278 SEQ: 1000/1485
MOTIF: 278 SEQ: 1485/1485
MOTIF: 279 SEQ: 1000/1485
MOTIF: 279 SEQ: 1485/1485
MOTIF: 280 SEQ: 1000/1485
MOTIF: 280 SEQ: 1485/1485
MOTIF: 281 SEQ: 1000/1485
MOTIF: 281 SEQ: 1485/1485
MOTIF: 282 SEQ: 1000/1485
MOTIF: 282 SEQ: 1485/1485
MOTIF: 283 SEQ: 1000/1485
MOTIF: 283 SEQ: 1485/1485
MOTIF: 284 SEQ: 1000/1485
MOTIF: 284 SEQ: 1485/1485
MOTIF: 285 SEQ: 1000/1485
MOTIF: 285 SEQ: 1485/1485
MOTIF: 286 SEQ: 1000/1485
MOTIF: 286 SEQ: 1485/1485
MOTIF: 287 SEQ: 1000/1485
MOTIF: 287 SEQ: 1485/1485
MOTIF: 288 SEQ: 1000/1485
MOTIF: 288 SEQ: 1485/1485
MOTIF: 289 SEQ: 1000/1485
MOTIF: 289 SEQ: 1485/1485
MOTIF: 290 SEQ: 1000/1485
MOTIF: 290 SEQ: 1485/1485
MOTIF: 291 SEQ: 1000/1485
MOTIF: 291 SEQ: 1485/1485
MOTIF: 292 SEQ: 1000/1485
MOTIF: 292 SEQ: 1485/1485
MOTIF: 293 SEQ: 1000/1485
MOTIF: 293 SEQ: 1485/1485
MOTIF: 294 SEQ: 1000/1485
MOTIF: 294 SEQ: 1485/1485
MOTIF: 295 SEQ: 1000/1485
MOTIF: 295 SEQ: 1485/1485
MOTIF: 296 SEQ: 1000/1485
MOTIF: 296 SEQ: 1485/1485
MOTIF: 297 SEQ: 1000/1485
MOTIF: 297 SEQ: 1485/1485
MOTIF: 298 SEQ: 1000/1485
MOTIF: 298 SEQ: 1485/1485
MOTIF: 299 SEQ: 1000/1485
MOTIF: 299 SEQ: 1485/1485
MOTIF: 300 SEQ: 1000/1485
MOTIF: 300 SEQ: 1485/1485
MOTIF: 301 SEQ: 1000/1485
MOTIF: 301 SEQ: 1485/1485
MOTIF: 302 SEQ: 1000/1485
MOTIF: 302 SEQ: 1485/1485
MOTIF: 303 SEQ: 1000/1485
MOTIF: 303 SEQ: 1485/1485
MOTIF: 304 SEQ: 1000/1485
MOTIF: 304 SEQ: 1485/1485
MOTIF: 305 SEQ: 1000/1485
MOTIF: 305 SEQ: 1485/1485
MOTIF: 306 SEQ: 1000/1485
MOTIF: 306 SEQ: 1485/1485
MOTIF: 307 SEQ: 1000/1485
MOTIF: 307 SEQ: 1485/1485
MOTIF: 308 SEQ: 1000/1485
MOTIF: 308 SEQ: 1485/1485
MOTIF: 309 SEQ: 1000/1485
MOTIF: 309 SEQ: 1485/1485
MOTIF: 310 SEQ: 1000/1485
MOTIF: 310 SEQ: 1485/1485
MOTIF: 311 SEQ: 1000/1485
MOTIF: 311 SEQ: 1485/1485
MOTIF: 312 SEQ: 1000/1485
MOTIF: 312 SEQ: 1485/1485
MOTIF: 313 SEQ: 1000/1485
MOTIF: 313 SEQ: 1485/1485
MOTIF: 314 SEQ: 1000/1485
MOTIF: 314 SEQ: 1485/1485
MOTIF: 315 SEQ: 1000/1485
MOTIF: 315 SEQ: 1485/1485
MOTIF: 316 SEQ: 1000/1485
MOTIF: 316 SEQ: 1485/1485
MOTIF: 317 SEQ: 1000/1485
MOTIF: 317 SEQ: 1485/1485
MOTIF: 318 SEQ: 1000/1485
MOTIF: 318 SEQ: 1485/1485
MOTIF: 319 SEQ: 1000/1485
MOTIF: 319 SEQ: 1485/1485
MOTIF: 320 SEQ: 1000/1485
MOTIF: 320 SEQ: 1485/1485
MOTIF: 321 SEQ: 1000/1485
MOTIF: 321 SEQ: 1485/1485
MOTIF: 322 SEQ: 1000/1485
MOTIF: 322 SEQ: 1485/1485
MOTIF: 323 SEQ: 1000/1485
MOTIF: 323 SEQ: 1485/1485
MOTIF: 324 SEQ: 1000/1485
MOTIF: 324 SEQ: 1485/1485
MOTIF: 325 SEQ: 1000/1485
MOTIF: 325 SEQ: 1485/1485
MOTIF: 326 SEQ: 1000/1485
MOTIF: 326 SEQ: 1485/1485
MOTIF: 327 SEQ: 1000/1485
MOTIF: 327 SEQ: 1485/1485
MOTIF: 328 SEQ: 1000/1485
MOTIF: 328 SEQ: 1485/1485
MOTIF: 329 SEQ: 1000/1485
MOTIF: 329 SEQ: 1485/1485
MOTIF: 330 SEQ: 1000/1485
MOTIF: 330 SEQ: 1485/1485
MOTIF: 331 SEQ: 1000/1485
MOTIF: 331 SEQ: 1485/1485
MOTIF: 332 SEQ: 1000/1485
MOTIF: 332 SEQ: 1485/1485
MOTIF: 333 SEQ: 1000/1485
MOTIF: 333 SEQ: 1485/1485
MOTIF: 334 SEQ: 1000/1485
MOTIF: 334 SEQ: 1485/1485
MOTIF: 335 SEQ: 1000/1485
MOTIF: 335 SEQ: 1485/1485
MOTIF: 336 SEQ: 1000/1485
MOTIF: 336 SEQ: 1485/1485
MOTIF: 337 SEQ: 1000/1485
MOTIF: 337 SEQ: 1485/1485
MOTIF: 338 SEQ: 1000/1485
MOTIF: 338 SEQ: 1485/1485
MOTIF: 339 SEQ: 1000/1485
MOTIF: 339 SEQ: 1485/1485
MOTIF: 340 SEQ: 1000/1485
MOTIF: 340 SEQ: 1485/1485
MOTIF: 341 SEQ: 1000/1485
MOTIF: 341 SEQ: 1485/1485
MOTIF: 342 SEQ: 1000/1485
MOTIF: 342 SEQ: 1485/1485
MOTIF: 343 SEQ: 1000/1485
MOTIF: 343 SEQ: 1485/1485
MOTIF: 344 SEQ: 1000/1485
MOTIF: 344 SEQ: 1485/1485
MOTIF: 345 SEQ: 1000/1485
MOTIF: 345 SEQ: 1485/1485
MOTIF: 346 SEQ: 1000/1485
MOTIF: 346 SEQ: 1485/1485
MOTIF: 347 SEQ: 1000/1485
MOTIF: 347 SEQ: 1485/1485
MOTIF: 348 SEQ: 1000/1485
MOTIF: 348 SEQ: 1485/1485
MOTIF: 349 SEQ: 1000/1485
MOTIF: 349 SEQ: 1485/1485
MOTIF: 350 SEQ: 1000/1485
MOTIF: 350 SEQ: 1485/1485
MOTIF: 351 SEQ: 1000/1485
MOTIF: 351 SEQ: 1485/1485
MOTIF: 352 SEQ: 1000/1485
MOTIF: 352 SEQ: 1485/1485
MOTIF: 353 SEQ: 1000/1485
MOTIF: 353 SEQ: 1485/1485
MOTIF: 354 SEQ: 1000/1485
MOTIF: 354 SEQ: 1485/1485
MOTIF: 355 SEQ: 1000/1485
MOTIF: 355 SEQ: 1485/1485
MOTIF: 356 SEQ: 1000/1485
MOTIF: 356 SEQ: 1485/1485
MOTIF: 357 SEQ: 1000/1485
MOTIF: 357 SEQ: 1485/1485
MOTIF: 358 SEQ: 1000/1485
MOTIF: 358 SEQ: 1485/1485
MOTIF: 359 SEQ: 1000/1485
MOTIF: 359 SEQ: 1485/1485
MOTIF: 360 SEQ: 1000/1485
MOTIF: 360 SEQ: 1485/1485
MOTIF: 361 SEQ: 1000/1485
MOTIF: 361 SEQ: 1485/1485
MOTIF: 362 SEQ: 1000/1485
MOTIF: 362 SEQ: 1485/1485
MOTIF: 363 SEQ: 1000/1485
MOTIF: 363 SEQ: 1485/1485
MOTIF: 364 SEQ: 1000/1485
MOTIF: 364 SEQ: 1485/1485
MOTIF: 365 SEQ: 1000/1485
MOTIF: 365 SEQ: 1485/1485
MOTIF: 366 SEQ: 1000/1485
MOTIF: 366 SEQ: 1485/1485
MOTIF: 367 SEQ: 1000/1485
MOTIF: 367 SEQ: 1485/1485
MOTIF: 368 SEQ: 1000/1485
MOTIF: 368 SEQ: 1485/1485
MOTIF: 369 SEQ: 1000/1485
MOTIF: 369 SEQ: 1485/1485
MOTIF: 370 SEQ: 1000/1485
MOTIF: 370 SEQ: 1485/1485
MOTIF: 371 SEQ: 1000/1485
MOTIF: 371 SEQ: 1485/1485
MOTIF: 372 SEQ: 1000/1485
MOTIF: 372 SEQ: 1485/1485
MOTIF: 373 SEQ: 1000/1485
MOTIF: 373 SEQ: 1485/1485
MOTIF: 374 SEQ: 1000/1485
MOTIF: 374 SEQ: 1485/1485
MOTIF: 375 SEQ: 1000/1485
MOTIF: 375 SEQ: 1485/1485
MOTIF: 376 SEQ: 1000/1485
MOTIF: 376 SEQ: 1485/1485
MOTIF: 377 SEQ: 1000/1485
MOTIF: 377 SEQ: 1485/1485
MOTIF: 378 SEQ: 1000/1485
MOTIF: 378 SEQ: 1485/1485
MOTIF: 379 SEQ: 1000/1485
MOTIF: 379 SEQ: 1485/1485
MOTIF: 380 SEQ: 1000/1485
MOTIF: 380 SEQ: 1485/1485
MOTIF: 381 SEQ: 1000/1485
MOTIF: 381 SEQ: 1485/1485
MOTIF: 382 SEQ: 1000/1485
MOTIF: 382 SEQ: 1485/1485
MOTIF: 383 SEQ: 1000/1485
MOTIF: 383 SEQ: 1485/1485
MOTIF: 384 SEQ: 1000/1485
MOTIF: 384 SEQ: 1485/1485
MOTIF: 385 SEQ: 1000/1485
MOTIF: 385 SEQ: 1485/1485
MOTIF: 386 SEQ: 1000/1485
MOTIF: 386 SEQ: 1485/1485
MOTIF: 387 SEQ: 1000/1485
MOTIF: 387 SEQ: 1485/1485
MOTIF: 388 SEQ: 1000/1485
MOTIF: 388 SEQ: 1485/1485
MOTIF: 389 SEQ: 1000/1485
MOTIF: 389 SEQ: 1485/1485
MOTIF: 390 SEQ: 1000/1485
MOTIF: 390 SEQ: 1485/1485
MOTIF: 391 SEQ: 1000/1485
MOTIF: 391 SEQ: 1485/1485
MOTIF: 392 SEQ: 1000/1485
MOTIF: 392 SEQ: 1485/1485
MOTIF: 393 SEQ: 1000/1485
MOTIF: 393 SEQ: 1485/1485
MOTIF: 394 SEQ: 1000/1485
MOTIF: 394 SEQ: 1485/1485
MOTIF: 395 SEQ: 1000/1485
MOTIF: 395 SEQ: 1485/1485
MOTIF: 396 SEQ: 1000/1485
MOTIF: 396 SEQ: 1485/1485
MOTIF: 397 SEQ: 1000/1485
MOTIF: 397 SEQ: 1485/1485
MOTIF: 398 SEQ: 1000/1485
MOTIF: 398 SEQ: 1485/1485
MOTIF: 399 SEQ: 1000/1485
MOTIF: 399 SEQ: 1485/1485
MOTIF: 400 SEQ: 1000/1485
MOTIF: 400 SEQ: 1485/1485
MOTIF: 401 SEQ: 1000/1485
MOTIF: 401 SEQ: 1485/1485
MOTIF: 402 SEQ: 1000/1485
MOTIF: 402 SEQ: 1485/1485
MOTIF: 403 SEQ: 1000/1485
MOTIF: 403 SEQ: 1485/1485
MOTIF: 404 SEQ: 1000/1485
MOTIF: 404 SEQ: 1485/1485
MOTIF: 405 SEQ: 1000/1485
MOTIF: 405 SEQ: 1485/1485
MOTIF: 406 SEQ: 1000/1485
MOTIF: 406 SEQ: 1485/1485
MOTIF: 407 SEQ: 1000/1485
MOTIF: 407 SEQ: 1485/1485
MOTIF: 408 SEQ: 1000/1485
MOTIF: 408 SEQ: 1485/1485
MOTIF: 409 SEQ: 1000/1485
MOTIF: 409 SEQ: 1485/1485
MOTIF: 410 SEQ: 1000/1485
MOTIF: 410 SEQ: 1485/1485
MOTIF: 411 SEQ: 1000/1485
MOTIF: 411 SEQ: 1485/1485
MOTIF: 412 SEQ: 1000/1485
MOTIF: 412 SEQ: 1485/1485
MOTIF: 413 SEQ: 1000/1485
MOTIF: 413 SEQ: 1485/1485
MOTIF: 414 SEQ: 1000/1485
MOTIF: 414 SEQ: 1485/1485
MOTIF: 415 SEQ: 1000/1485
MOTIF: 415 SEQ: 1485/1485
MOTIF: 416 SEQ: 1000/1485
MOTIF: 416 SEQ: 1485/1485
MOTIF: 417 SEQ: 1000/1485
MOTIF: 417 SEQ: 1485/1485
MOTIF: 418 SEQ: 1000/1485
MOTIF: 418 SEQ: 1485/1485
MOTIF: 419 SEQ: 1000/1485
MOTIF: 419 SEQ: 1485/1485
MOTIF: 420 SEQ: 1000/1485
MOTIF: 420 SEQ: 1485/1485
MOTIF: 421 SEQ: 1000/1485
MOTIF: 421 SEQ: 1485/1485
MOTIF: 422 SEQ: 1000/1485
MOTIF: 422 SEQ: 1485/1485
MOTIF: 423 SEQ: 1000/1485
MOTIF: 423 SEQ: 1485/1485
MOTIF: 424 SEQ: 1000/1485
MOTIF: 424 SEQ: 1485/1485
MOTIF: 425 SEQ: 1000/1485
MOTIF: 425 SEQ: 1485/1485
MOTIF: 426 SEQ: 1000/1485
MOTIF: 426 SEQ: 1485/1485
MOTIF: 427 SEQ: 1000/1485
MOTIF: 427 SEQ: 1485/1485
MOTIF: 428 SEQ: 1000/1485
MOTIF: 428 SEQ: 1485/1485
MOTIF: 429 SEQ: 1000/1485
MOTIF: 429 SEQ: 1485/1485
MOTIF: 430 SEQ: 1000/1485
MOTIF: 430 SEQ: 1485/1485
MOTIF: 431 SEQ: 1000/1485
MOTIF: 431 SEQ: 1485/1485
MOTIF: 432 SEQ: 1000/1485
MOTIF: 432 SEQ: 1485/1485
MOTIF: 433 SEQ: 1000/1485
MOTIF: 433 SEQ: 1485/1485
MOTIF: 434 SEQ: 1000/1485
MOTIF: 434 SEQ: 1485/1485
MOTIF: 435 SEQ: 1000/1485
MOTIF: 435 SEQ: 1485/1485
MOTIF: 436 SEQ: 1000/1485
MOTIF: 436 SEQ: 1485/1485
MOTIF: 437 SEQ: 1000/1485
MOTIF: 437 SEQ: 1485/1485
MOTIF: 438 SEQ: 1000/1485
MOTIF: 438 SEQ: 1485/1485
MOTIF: 439 SEQ: 1000/1485
MOTIF: 439 SEQ: 1485/1485
MOTIF: 440 SEQ: 1000/1485
MOTIF: 440 SEQ: 1485/1485
MOTIF: 441 SEQ: 1000/1485
MOTIF: 441 SEQ: 1485/1485
MOTIF: 442 SEQ: 1000/1485
MOTIF: 442 SEQ: 1485/1485
MOTIF: 443 SEQ: 1000/1485
MOTIF: 443 SEQ: 1485/1485
MOTIF: 444 SEQ: 1000/1485
MOTIF: 444 SEQ: 1485/1485
MOTIF: 445 SEQ: 1000/1485
MOTIF: 445 SEQ: 1485/1485
MOTIF: 446 SEQ: 1000/1485
MOTIF: 446 SEQ: 1485/1485
MOTIF: 447 SEQ: 1000/1485
MOTIF: 447 SEQ: 1485/1485
MOTIF: 448 SEQ: 1000/1485
MOTIF: 448 SEQ: 1485/1485
MOTIF: 449 SEQ: 1000/1485
MOTIF: 449 SEQ: 1485/1485
MOTIF: 450 SEQ: 1000/1485
MOTIF: 450 SEQ: 1485/1485
MOTIF: 451 SEQ: 1000/1485
MOTIF: 451 SEQ: 1485/1485
MOTIF: 452 SEQ: 1000/1485
MOTIF: 452 SEQ: 1485/1485
MOTIF: 453 SEQ: 1000/1485
MOTIF: 453 SEQ: 1485/1485
MOTIF: 454 SEQ: 1000/1485
MOTIF: 454 SEQ: 1485/1485
MOTIF: 455 SEQ: 1000/1485
MOTIF: 455 SEQ: 1485/1485
MOTIF: 456 SEQ: 1000/1485
MOTIF: 456 SEQ: 1485/1485
MOTIF: 457 SEQ: 1000/1485
MOTIF: 457 SEQ: 1485/1485
MOTIF: 458 SEQ: 1000/1485
MOTIF: 458 SEQ: 1485/1485
MOTIF: 459 SEQ: 1000/1485
MOTIF: 459 SEQ: 1485/1485
MOTIF: 460 SEQ: 1000/1485
MOTIF: 460 SEQ: 1485/1485
MOTIF: 461 SEQ: 1000/1485
MOTIF: 461 SEQ: 1485/1485
MOTIF: 462 SEQ: 1000/1485
MOTIF: 462 SEQ: 1485/1485
MOTIF: 463 SEQ: 1000/1485
MOTIF: 463 SEQ: 1485/1485
MOTIF: 464 SEQ: 1000/1485
MOTIF: 464 SEQ: 1485/1485
MOTIF: 465 SEQ: 1000/1485
MOTIF: 465 SEQ: 1485/1485
MOTIF: 466 SEQ: 1000/1485
MOTIF: 466 SEQ: 1485/1485
MOTIF: 467 SEQ: 1000/1485
MOTIF: 467 SEQ: 1485/1485
MOTIF: 468 SEQ: 1000/1485
MOTIF: 468 SEQ: 1485/1485
MOTIF: 469 SEQ: 1000/1485
MOTIF: 469 SEQ: 1485/1485
MOTIF: 470 SEQ: 1000/1485
MOTIF: 470 SEQ: 1485/1485
MOTIF: 471 SEQ: 1000/1485
MOTIF: 471 SEQ: 1485/1485
MOTIF: 472 SEQ: 1000/1485
MOTIF: 472 SEQ: 1485/1485
MOTIF: 473 SEQ: 1000/1485
MOTIF: 473 SEQ: 1485/1485
MOTIF: 474 SEQ: 1000/1485
MOTIF: 474 SEQ: 1485/1485
MOTIF: 475 SEQ: 1000/1485
MOTIF: 475 SEQ: 1485/1485
MOTIF: 476 SEQ: 1000/1485
MOTIF: 476 SEQ: 1485/1485
MOTIF: 477 SEQ: 1000/1485
MOTIF: 477 SEQ: 1485/1485
MOTIF: 478 SEQ: 1000/1485
MOTIF: 478 SEQ: 1485/1485
MOTIF: 479 SEQ: 1000/1485
MOTIF: 479 SEQ: 1485/1485
MOTIF: 480 SEQ: 1000/1485
MOTIF: 480 SEQ: 1485/1485
MOTIF: 481 SEQ: 1000/1485
MOTIF: 481 SEQ: 1485/1485
MOTIF: 482 SEQ: 1000/1485
MOTIF: 482 SEQ: 1485/1485
MOTIF: 483 SEQ: 1000/1485
MOTIF: 483 SEQ: 1485/1485
MOTIF: 484 SEQ: 1000/1485
MOTIF: 484 SEQ: 1485/1485
MOTIF: 485 SEQ: 1000/1485
MOTIF: 485 SEQ: 1485/1485
MOTIF: 486 SEQ: 1000/1485
MOTIF: 486 SEQ: 1485/1485
MOTIF: 487 SEQ: 1000/1485
MOTIF: 487 SEQ: 1485/1485
MOTIF: 488 SEQ: 1000/1485
MOTIF: 488 SEQ: 1485/1485
MOTIF: 489 SEQ: 1000/1485
MOTIF: 489 SEQ: 1485/1485
MOTIF: 490 SEQ: 1000/1485
MOTIF: 490 SEQ: 1485/1485
MOTIF: 491 SEQ: 1000/1485
MOTIF: 491 SEQ: 1485/1485
MOTIF: 492 SEQ: 1000/1485
MOTIF: 492 SEQ: 1485/1485
MOTIF: 493 SEQ: 1000/1485
MOTIF: 493 SEQ: 1485/1485
MOTIF: 494 SEQ: 1000/1485
MOTIF: 494 SEQ: 1485/1485
MOTIF: 495 SEQ: 1000/1485
MOTIF: 495 SEQ: 1485/1485
MOTIF: 496 SEQ: 1000/1485
MOTIF: 496 SEQ: 1485/1485
MOTIF: 497 SEQ: 1000/1485
MOTIF: 497 SEQ: 1485/1485
MOTIF: 498 SEQ: 1000/1485
MOTIF: 498 SEQ: 1485/1485
MOTIF: 499 SEQ: 1000/1485
MOTIF: 499 SEQ: 1485/1485
MOTIF: 500 SEQ: 1000/1485
MOTIF: 500 SEQ: 1485/1485
MOTIF: 501 SEQ: 1000/1485
MOTIF: 501 SEQ: 1485/1485
MOTIF: 502 SEQ: 1000/1485
MOTIF: 502 SEQ: 1485/1485
MOTIF: 503 SEQ: 1000/1485
MOTIF: 503 SEQ: 1485/1485
MOTIF: 504 SEQ: 1000/1485
MOTIF: 504 SEQ: 1485/1485
MOTIF: 505 SEQ: 1000/1485
MOTIF: 505 SEQ: 1485/1485
MOTIF: 506 SEQ: 1000/1485
MOTIF: 506 SEQ: 1485/1485
MOTIF: 507 SEQ: 1000/1485
MOTIF: 507 SEQ: 1485/1485
MOTIF: 508 SEQ: 1000/1485
MOTIF: 508 SEQ: 1485/1485
MOTIF: 509 SEQ: 1000/1485
MOTIF: 509 SEQ: 1485/1485
MOTIF: 510 SEQ: 1000/1485
MOTIF: 510 SEQ: 1485/1485
MOTIF: 511 SEQ: 1000/1485
MOTIF: 511 SEQ: 1485/1485
MOTIF: 512 SEQ: 1000/1485
MOTIF: 512 SEQ: 1485/1485
MOTIF: 513 SEQ: 1000/1485
MOTIF: 513 SEQ: 1485/1485
MOTIF: 514 SEQ: 1000/1485
MOTIF: 514 SEQ: 1485/1485
MOTIF: 515 SEQ: 1000/1485
MOTIF: 515 SEQ: 1485/1485
MOTIF: 516 SEQ: 1000/1485
MOTIF: 516 SEQ: 1485/1485
MOTIF: 517 SEQ: 1000/1485
MOTIF: 517 SEQ: 1485/1485
MOTIF: 518 SEQ: 1000/1485
MOTIF: 518 SEQ: 1485/1485
MOTIF: 519 SEQ: 1000/1485
MOTIF: 519 SEQ: 1485/1485
MOTIF: 520 SEQ: 1000/1485
MOTIF: 520 SEQ: 1485/1485
MOTIF: 521 SEQ: 1000/1485
MOTIF: 521 SEQ: 1485/1485
MOTIF: 522 SEQ: 1000/1485
MOTIF: 522 SEQ: 1485/1485
MOTIF: 523 SEQ: 1000/1485
MOTIF: 523 SEQ: 1485/1485
MOTIF: 524 SEQ: 1000/1485
MOTIF: 524 SEQ: 1485/1485
MOTIF: 525 SEQ: 1000/1485
MOTIF: 525 SEQ: 1485/1485
MOTIF: 526 SEQ: 1000/1485
MOTIF: 526 SEQ: 1485/1485
MOTIF: 527 SEQ: 1000/1485
MOTIF: 527 SEQ: 1485/1485
MOTIF: 528 SEQ: 1000/1485
MOTIF: 528 SEQ: 1485/1485
MOTIF: 529 SEQ: 1000/1485
MOTIF: 529 SEQ: 1485/1485
MOTIF: 530 SEQ: 1000/1485
MOTIF: 530 SEQ: 1485/1485
MOTIF: 531 SEQ: 1000/1485
MOTIF: 531 SEQ: 1485/1485
MOTIF: 532 SEQ: 1000/1485
MOTIF: 532 SEQ: 1485/1485
MOTIF: 533 SEQ: 1000/1485
MOTIF: 533 SEQ: 1485/1485
MOTIF: 534 SEQ: 1000/1485
MOTIF: 534 SEQ: 1485/1485
MOTIF: 535 SEQ: 1000/1485
MOTIF: 535 SEQ: 1485/1485
MOTIF: 536 SEQ: 1000/1485
MOTIF: 536 SEQ: 1485/1485
MOTIF: 537 SEQ: 1000/1485
MOTIF: 537 SEQ: 1485/1485
MOTIF: 538 SEQ: 1000/1485
MOTIF: 538 SEQ: 1485/1485
MOTIF: 539 SEQ: 1000/1485
MOTIF: 539 SEQ: 1485/1485
MOTIF: 540 SEQ: 1000/1485
MOTIF: 540 SEQ: 1485/1485
MOTIF: 541 SEQ: 1000/1485
MOTIF: 541 SEQ: 1485/1485
MOTIF: 542 SEQ: 1000/1485
MOTIF: 542 SEQ: 1485/1485
MOTIF: 543 SEQ: 1000/1485
MOTIF: 543 SEQ: 1485/1485
MOTIF: 544 SEQ: 1000/1485
MOTIF: 544 SEQ: 1485/1485
Added /Users/ranjithpapareddy/Desktop/Desktop-Ranjith-iMac/forGIT/UFMylation_Ribosome_stalling_RNA_Splicing/Part4_Splicing_Analysis/data/motifs/CisBP_Human_All.meme to motif_sources which now has 1 file names.
Motif file name is /Users/ranjithpapareddy/Desktop/Desktop-Ranjith-iMac/forGIT/UFMylation_Ribosome_stalling_RNA_Splicing/Part4_Splicing_Analysis/data/motifs/CisBP_Human_All.meme.
Writing results to output directory 'hs_RI_direct/human/nucleus/step10_motif_analysis/RI_DeepDive_dPSI_negative/ame_UFM1_independent_vs_constitutive'.
E-value threshold for reporting results: 1000
Checking alphabets in 1 motif files.
Loading motifs from file '/Users/ranjithpapareddy/Desktop/Desktop-Ranjith-iMac/forGIT/UFMylation_Ribosome_stalling_RNA_Splicing/Part4_Splicing_Analysis/data/motifs/CisBP_Human_All.meme'
Loading primary sequences.
Loading control sequences.
Skipping sequence Const_1335_ENST00000465127.1::X:37426000-38666120(+) because it is too long (maximum=1000000).
Not in partition maximization mode. Fixing partition at the number of primary sequences (100).
MOTIF: 1 SEQ: 1000/1435
MOTIF: 1 SEQ: 1435/1435
Sorting sequences by sequence PWM score to get PWM ranks; breaking ties to put negatives first.
Leaving sequences sorted by PWM score.
Optimizing over sequence PWM score threshold.
MOTIF: 2 SEQ: 1000/1435
MOTIF: 2 SEQ: 1435/1435
MOTIF: 3 SEQ: 1000/1435
MOTIF: 3 SEQ: 1435/1435
MOTIF: 4 SEQ: 1000/1435
MOTIF: 4 SEQ: 1435/1435
MOTIF: 5 SEQ: 1000/1435
MOTIF: 5 SEQ: 1435/1435
MOTIF: 6 SEQ: 1000/1435
MOTIF: 6 SEQ: 1435/1435
MOTIF: 7 SEQ: 1000/1435
MOTIF: 7 SEQ: 1435/1435
MOTIF: 8 SEQ: 1000/1435
MOTIF: 8 SEQ: 1435/1435
MOTIF: 9 SEQ: 1000/1435
MOTIF: 9 SEQ: 1435/1435
MOTIF: 10 SEQ: 1000/1435
MOTIF: 10 SEQ: 1435/1435
MOTIF: 11 SEQ: 1000/1435
MOTIF: 11 SEQ: 1435/1435
MOTIF: 12 SEQ: 1000/1435
MOTIF: 12 SEQ: 1435/1435
MOTIF: 13 SEQ: 1000/1435
MOTIF: 13 SEQ: 1435/1435
MOTIF: 14 SEQ: 1000/1435
MOTIF: 14 SEQ: 1435/1435
MOTIF: 15 SEQ: 1000/1435
MOTIF: 15 SEQ: 1435/1435
MOTIF: 16 SEQ: 1000/1435
MOTIF: 16 SEQ: 1435/1435
MOTIF: 17 SEQ: 1000/1435
MOTIF: 17 SEQ: 1435/1435
MOTIF: 18 SEQ: 1000/1435
MOTIF: 18 SEQ: 1435/1435
MOTIF: 19 SEQ: 1000/1435
MOTIF: 19 SEQ: 1435/1435
MOTIF: 20 SEQ: 1000/1435
MOTIF: 20 SEQ: 1435/1435
MOTIF: 21 SEQ: 1000/1435
MOTIF: 21 SEQ: 1435/1435
MOTIF: 22 SEQ: 1000/1435
MOTIF: 22 SEQ: 1435/1435
MOTIF: 23 SEQ: 1000/1435
MOTIF: 23 SEQ: 1435/1435
MOTIF: 24 SEQ: 1000/1435
MOTIF: 24 SEQ: 1435/1435
MOTIF: 25 SEQ: 1000/1435
MOTIF: 25 SEQ: 1435/1435
MOTIF: 26 SEQ: 1000/1435
MOTIF: 26 SEQ: 1435/1435
MOTIF: 27 SEQ: 1000/1435
MOTIF: 27 SEQ: 1435/1435
MOTIF: 28 SEQ: 1000/1435
MOTIF: 28 SEQ: 1435/1435
MOTIF: 29 SEQ: 1000/1435
MOTIF: 29 SEQ: 1435/1435
MOTIF: 30 SEQ: 1000/1435
MOTIF: 30 SEQ: 1435/1435
MOTIF: 31 SEQ: 1000/1435
MOTIF: 31 SEQ: 1435/1435
MOTIF: 32 SEQ: 1000/1435
MOTIF: 32 SEQ: 1435/1435
MOTIF: 33 SEQ: 1000/1435
MOTIF: 33 SEQ: 1435/1435
MOTIF: 34 SEQ: 1000/1435
MOTIF: 34 SEQ: 1435/1435
MOTIF: 35 SEQ: 1000/1435
MOTIF: 35 SEQ: 1435/1435
MOTIF: 36 SEQ: 1000/1435
MOTIF: 36 SEQ: 1435/1435
MOTIF: 37 SEQ: 1000/1435
MOTIF: 37 SEQ: 1435/1435
MOTIF: 38 SEQ: 1000/1435
MOTIF: 38 SEQ: 1435/1435
MOTIF: 39 SEQ: 1000/1435
MOTIF: 39 SEQ: 1435/1435
MOTIF: 40 SEQ: 1000/1435
MOTIF: 40 SEQ: 1435/1435
MOTIF: 41 SEQ: 1000/1435
MOTIF: 41 SEQ: 1435/1435
MOTIF: 42 SEQ: 1000/1435
MOTIF: 42 SEQ: 1435/1435
MOTIF: 43 SEQ: 1000/1435
MOTIF: 43 SEQ: 1435/1435
MOTIF: 44 SEQ: 1000/1435
MOTIF: 44 SEQ: 1435/1435
MOTIF: 45 SEQ: 1000/1435
MOTIF: 45 SEQ: 1435/1435
MOTIF: 46 SEQ: 1000/1435
MOTIF: 46 SEQ: 1435/1435
MOTIF: 47 SEQ: 1000/1435
MOTIF: 47 SEQ: 1435/1435
MOTIF: 48 SEQ: 1000/1435
MOTIF: 48 SEQ: 1435/1435
MOTIF: 49 SEQ: 1000/1435
MOTIF: 49 SEQ: 1435/1435
MOTIF: 50 SEQ: 1000/1435
MOTIF: 50 SEQ: 1435/1435
MOTIF: 51 SEQ: 1000/1435
MOTIF: 51 SEQ: 1435/1435
MOTIF: 52 SEQ: 1000/1435
MOTIF: 52 SEQ: 1435/1435
MOTIF: 53 SEQ: 1000/1435
MOTIF: 53 SEQ: 1435/1435
MOTIF: 54 SEQ: 1000/1435
MOTIF: 54 SEQ: 1435/1435
MOTIF: 55 SEQ: 1000/1435
MOTIF: 55 SEQ: 1435/1435
MOTIF: 56 SEQ: 1000/1435
MOTIF: 56 SEQ: 1435/1435
MOTIF: 57 SEQ: 1000/1435
MOTIF: 57 SEQ: 1435/1435
MOTIF: 58 SEQ: 1000/1435
MOTIF: 58 SEQ: 1435/1435
MOTIF: 59 SEQ: 1000/1435
MOTIF: 59 SEQ: 1435/1435
MOTIF: 60 SEQ: 1000/1435
MOTIF: 60 SEQ: 1435/1435
MOTIF: 61 SEQ: 1000/1435
MOTIF: 61 SEQ: 1435/1435
MOTIF: 62 SEQ: 1000/1435
MOTIF: 62 SEQ: 1435/1435
MOTIF: 63 SEQ: 1000/1435
MOTIF: 63 SEQ: 1435/1435
MOTIF: 64 SEQ: 1000/1435
MOTIF: 64 SEQ: 1435/1435
MOTIF: 65 SEQ: 1000/1435
MOTIF: 65 SEQ: 1435/1435
MOTIF: 66 SEQ: 1000/1435
MOTIF: 66 SEQ: 1435/1435
MOTIF: 67 SEQ: 1000/1435
MOTIF: 67 SEQ: 1435/1435
MOTIF: 68 SEQ: 1000/1435
MOTIF: 68 SEQ: 1435/1435
MOTIF: 69 SEQ: 1000/1435
MOTIF: 69 SEQ: 1435/1435
MOTIF: 70 SEQ: 1000/1435
MOTIF: 70 SEQ: 1435/1435
MOTIF: 71 SEQ: 1000/1435
MOTIF: 71 SEQ: 1435/1435
MOTIF: 72 SEQ: 1000/1435
MOTIF: 72 SEQ: 1435/1435
MOTIF: 73 SEQ: 1000/1435
MOTIF: 73 SEQ: 1435/1435
MOTIF: 74 SEQ: 1000/1435
MOTIF: 74 SEQ: 1435/1435
MOTIF: 75 SEQ: 1000/1435
MOTIF: 75 SEQ: 1435/1435
MOTIF: 76 SEQ: 1000/1435
MOTIF: 76 SEQ: 1435/1435
MOTIF: 77 SEQ: 1000/1435
MOTIF: 77 SEQ: 1435/1435
MOTIF: 78 SEQ: 1000/1435
MOTIF: 78 SEQ: 1435/1435
MOTIF: 79 SEQ: 1000/1435
MOTIF: 79 SEQ: 1435/1435
MOTIF: 80 SEQ: 1000/1435
MOTIF: 80 SEQ: 1435/1435
MOTIF: 81 SEQ: 1000/1435
MOTIF: 81 SEQ: 1435/1435
MOTIF: 82 SEQ: 1000/1435
MOTIF: 82 SEQ: 1435/1435
MOTIF: 83 SEQ: 1000/1435
MOTIF: 83 SEQ: 1435/1435
MOTIF: 84 SEQ: 1000/1435
MOTIF: 84 SEQ: 1435/1435
MOTIF: 85 SEQ: 1000/1435
MOTIF: 85 SEQ: 1435/1435
MOTIF: 86 SEQ: 1000/1435
MOTIF: 86 SEQ: 1435/1435
MOTIF: 87 SEQ: 1000/1435
MOTIF: 87 SEQ: 1435/1435
MOTIF: 88 SEQ: 1000/1435
MOTIF: 88 SEQ: 1435/1435
MOTIF: 89 SEQ: 1000/1435
MOTIF: 89 SEQ: 1435/1435
MOTIF: 90 SEQ: 1000/1435
MOTIF: 90 SEQ: 1435/1435
MOTIF: 91 SEQ: 1000/1435
MOTIF: 91 SEQ: 1435/1435
MOTIF: 92 SEQ: 1000/1435
MOTIF: 92 SEQ: 1435/1435
MOTIF: 93 SEQ: 1000/1435
MOTIF: 93 SEQ: 1435/1435
MOTIF: 94 SEQ: 1000/1435
MOTIF: 94 SEQ: 1435/1435
MOTIF: 95 SEQ: 1000/1435
MOTIF: 95 SEQ: 1435/1435
MOTIF: 96 SEQ: 1000/1435
MOTIF: 96 SEQ: 1435/1435
MOTIF: 97 SEQ: 1000/1435
MOTIF: 97 SEQ: 1435/1435
MOTIF: 98 SEQ: 1000/1435
MOTIF: 98 SEQ: 1435/1435
MOTIF: 99 SEQ: 1000/1435
MOTIF: 99 SEQ: 1435/1435
MOTIF: 100 SEQ: 1000/1435
MOTIF: 100 SEQ: 1435/1435
MOTIF: 101 SEQ: 1000/1435
MOTIF: 101 SEQ: 1435/1435
MOTIF: 102 SEQ: 1000/1435
MOTIF: 102 SEQ: 1435/1435
MOTIF: 103 SEQ: 1000/1435
MOTIF: 103 SEQ: 1435/1435
MOTIF: 104 SEQ: 1000/1435
MOTIF: 104 SEQ: 1435/1435
MOTIF: 105 SEQ: 1000/1435
MOTIF: 105 SEQ: 1435/1435
MOTIF: 106 SEQ: 1000/1435
MOTIF: 106 SEQ: 1435/1435
MOTIF: 107 SEQ: 1000/1435
MOTIF: 107 SEQ: 1435/1435
MOTIF: 108 SEQ: 1000/1435
MOTIF: 108 SEQ: 1435/1435
MOTIF: 109 SEQ: 1000/1435
MOTIF: 109 SEQ: 1435/1435
MOTIF: 110 SEQ: 1000/1435
MOTIF: 110 SEQ: 1435/1435
MOTIF: 111 SEQ: 1000/1435
MOTIF: 111 SEQ: 1435/1435
MOTIF: 112 SEQ: 1000/1435
MOTIF: 112 SEQ: 1435/1435
MOTIF: 113 SEQ: 1000/1435
MOTIF: 113 SEQ: 1435/1435
MOTIF: 114 SEQ: 1000/1435
MOTIF: 114 SEQ: 1435/1435
MOTIF: 115 SEQ: 1000/1435
MOTIF: 115 SEQ: 1435/1435
MOTIF: 116 SEQ: 1000/1435
MOTIF: 116 SEQ: 1435/1435
MOTIF: 117 SEQ: 1000/1435
MOTIF: 117 SEQ: 1435/1435
MOTIF: 118 SEQ: 1000/1435
MOTIF: 118 SEQ: 1435/1435
MOTIF: 119 SEQ: 1000/1435
MOTIF: 119 SEQ: 1435/1435
MOTIF: 120 SEQ: 1000/1435
MOTIF: 120 SEQ: 1435/1435
MOTIF: 121 SEQ: 1000/1435
MOTIF: 121 SEQ: 1435/1435
MOTIF: 122 SEQ: 1000/1435
MOTIF: 122 SEQ: 1435/1435
MOTIF: 123 SEQ: 1000/1435
MOTIF: 123 SEQ: 1435/1435
MOTIF: 124 SEQ: 1000/1435
MOTIF: 124 SEQ: 1435/1435
MOTIF: 125 SEQ: 1000/1435
MOTIF: 125 SEQ: 1435/1435
MOTIF: 126 SEQ: 1000/1435
MOTIF: 126 SEQ: 1435/1435
MOTIF: 127 SEQ: 1000/1435
MOTIF: 127 SEQ: 1435/1435
MOTIF: 128 SEQ: 1000/1435
MOTIF: 128 SEQ: 1435/1435
MOTIF: 129 SEQ: 1000/1435
MOTIF: 129 SEQ: 1435/1435
MOTIF: 130 SEQ: 1000/1435
MOTIF: 130 SEQ: 1435/1435
MOTIF: 131 SEQ: 1000/1435
MOTIF: 131 SEQ: 1435/1435
MOTIF: 132 SEQ: 1000/1435
MOTIF: 132 SEQ: 1435/1435
MOTIF: 133 SEQ: 1000/1435
MOTIF: 133 SEQ: 1435/1435
MOTIF: 134 SEQ: 1000/1435
MOTIF: 134 SEQ: 1435/1435
MOTIF: 135 SEQ: 1000/1435
MOTIF: 135 SEQ: 1435/1435
MOTIF: 136 SEQ: 1000/1435
MOTIF: 136 SEQ: 1435/1435
MOTIF: 137 SEQ: 1000/1435
MOTIF: 137 SEQ: 1435/1435
MOTIF: 138 SEQ: 1000/1435
MOTIF: 138 SEQ: 1435/1435
MOTIF: 139 SEQ: 1000/1435
MOTIF: 139 SEQ: 1435/1435
MOTIF: 140 SEQ: 1000/1435
MOTIF: 140 SEQ: 1435/1435
MOTIF: 141 SEQ: 1000/1435
MOTIF: 141 SEQ: 1435/1435
MOTIF: 142 SEQ: 1000/1435
MOTIF: 142 SEQ: 1435/1435
MOTIF: 143 SEQ: 1000/1435
MOTIF: 143 SEQ: 1435/1435
MOTIF: 144 SEQ: 1000/1435
MOTIF: 144 SEQ: 1435/1435
MOTIF: 145 SEQ: 1000/1435
MOTIF: 145 SEQ: 1435/1435
MOTIF: 146 SEQ: 1000/1435
MOTIF: 146 SEQ: 1435/1435
MOTIF: 147 SEQ: 1000/1435
MOTIF: 147 SEQ: 1435/1435
MOTIF: 148 SEQ: 1000/1435
MOTIF: 148 SEQ: 1435/1435
MOTIF: 149 SEQ: 1000/1435
MOTIF: 149 SEQ: 1435/1435
MOTIF: 150 SEQ: 1000/1435
MOTIF: 150 SEQ: 1435/1435
MOTIF: 151 SEQ: 1000/1435
MOTIF: 151 SEQ: 1435/1435
MOTIF: 152 SEQ: 1000/1435
MOTIF: 152 SEQ: 1435/1435
MOTIF: 153 SEQ: 1000/1435
MOTIF: 153 SEQ: 1435/1435
MOTIF: 154 SEQ: 1000/1435
MOTIF: 154 SEQ: 1435/1435
MOTIF: 155 SEQ: 1000/1435
MOTIF: 155 SEQ: 1435/1435
MOTIF: 156 SEQ: 1000/1435
MOTIF: 156 SEQ: 1435/1435
MOTIF: 157 SEQ: 1000/1435
MOTIF: 157 SEQ: 1435/1435
MOTIF: 158 SEQ: 1000/1435
MOTIF: 158 SEQ: 1435/1435
MOTIF: 159 SEQ: 1000/1435
MOTIF: 159 SEQ: 1435/1435
MOTIF: 160 SEQ: 1000/1435
MOTIF: 160 SEQ: 1435/1435
MOTIF: 161 SEQ: 1000/1435
MOTIF: 161 SEQ: 1435/1435
MOTIF: 162 SEQ: 1000/1435
MOTIF: 162 SEQ: 1435/1435
MOTIF: 163 SEQ: 1000/1435
MOTIF: 163 SEQ: 1435/1435
MOTIF: 164 SEQ: 1000/1435
MOTIF: 164 SEQ: 1435/1435
MOTIF: 165 SEQ: 1000/1435
MOTIF: 165 SEQ: 1435/1435
MOTIF: 166 SEQ: 1000/1435
MOTIF: 166 SEQ: 1435/1435
MOTIF: 167 SEQ: 1000/1435
MOTIF: 167 SEQ: 1435/1435
MOTIF: 168 SEQ: 1000/1435
MOTIF: 168 SEQ: 1435/1435
MOTIF: 169 SEQ: 1000/1435
MOTIF: 169 SEQ: 1435/1435
MOTIF: 170 SEQ: 1000/1435
MOTIF: 170 SEQ: 1435/1435
MOTIF: 171 SEQ: 1000/1435
MOTIF: 171 SEQ: 1435/1435
MOTIF: 172 SEQ: 1000/1435
MOTIF: 172 SEQ: 1435/1435
MOTIF: 173 SEQ: 1000/1435
MOTIF: 173 SEQ: 1435/1435
MOTIF: 174 SEQ: 1000/1435
MOTIF: 174 SEQ: 1435/1435
MOTIF: 175 SEQ: 1000/1435
MOTIF: 175 SEQ: 1435/1435
MOTIF: 176 SEQ: 1000/1435
MOTIF: 176 SEQ: 1435/1435
MOTIF: 177 SEQ: 1000/1435
MOTIF: 177 SEQ: 1435/1435
MOTIF: 178 SEQ: 1000/1435
MOTIF: 178 SEQ: 1435/1435
MOTIF: 179 SEQ: 1000/1435
MOTIF: 179 SEQ: 1435/1435
MOTIF: 180 SEQ: 1000/1435
MOTIF: 180 SEQ: 1435/1435
MOTIF: 181 SEQ: 1000/1435
MOTIF: 181 SEQ: 1435/1435
MOTIF: 182 SEQ: 1000/1435
MOTIF: 182 SEQ: 1435/1435
MOTIF: 183 SEQ: 1000/1435
MOTIF: 183 SEQ: 1435/1435
MOTIF: 184 SEQ: 1000/1435
MOTIF: 184 SEQ: 1435/1435
MOTIF: 185 SEQ: 1000/1435
MOTIF: 185 SEQ: 1435/1435
MOTIF: 186 SEQ: 1000/1435
MOTIF: 186 SEQ: 1435/1435
MOTIF: 187 SEQ: 1000/1435
MOTIF: 187 SEQ: 1435/1435
MOTIF: 188 SEQ: 1000/1435
MOTIF: 188 SEQ: 1435/1435
MOTIF: 189 SEQ: 1000/1435
MOTIF: 189 SEQ: 1435/1435
MOTIF: 190 SEQ: 1000/1435
MOTIF: 190 SEQ: 1435/1435
MOTIF: 191 SEQ: 1000/1435
MOTIF: 191 SEQ: 1435/1435
MOTIF: 192 SEQ: 1000/1435
MOTIF: 192 SEQ: 1435/1435
MOTIF: 193 SEQ: 1000/1435
MOTIF: 193 SEQ: 1435/1435
MOTIF: 194 SEQ: 1000/1435
MOTIF: 194 SEQ: 1435/1435
MOTIF: 195 SEQ: 1000/1435
MOTIF: 195 SEQ: 1435/1435
MOTIF: 196 SEQ: 1000/1435
MOTIF: 196 SEQ: 1435/1435
MOTIF: 197 SEQ: 1000/1435
MOTIF: 197 SEQ: 1435/1435
MOTIF: 198 SEQ: 1000/1435
MOTIF: 198 SEQ: 1435/1435
MOTIF: 199 SEQ: 1000/1435
MOTIF: 199 SEQ: 1435/1435
MOTIF: 200 SEQ: 1000/1435
MOTIF: 200 SEQ: 1435/1435
MOTIF: 201 SEQ: 1000/1435
MOTIF: 201 SEQ: 1435/1435
MOTIF: 202 SEQ: 1000/1435
MOTIF: 202 SEQ: 1435/1435
MOTIF: 203 SEQ: 1000/1435
MOTIF: 203 SEQ: 1435/1435
MOTIF: 204 SEQ: 1000/1435
MOTIF: 204 SEQ: 1435/1435
MOTIF: 205 SEQ: 1000/1435
MOTIF: 205 SEQ: 1435/1435
MOTIF: 206 SEQ: 1000/1435
MOTIF: 206 SEQ: 1435/1435
MOTIF: 207 SEQ: 1000/1435
MOTIF: 207 SEQ: 1435/1435
MOTIF: 208 SEQ: 1000/1435
MOTIF: 208 SEQ: 1435/1435
MOTIF: 209 SEQ: 1000/1435
MOTIF: 209 SEQ: 1435/1435
MOTIF: 210 SEQ: 1000/1435
MOTIF: 210 SEQ: 1435/1435
MOTIF: 211 SEQ: 1000/1435
MOTIF: 211 SEQ: 1435/1435
MOTIF: 212 SEQ: 1000/1435
MOTIF: 212 SEQ: 1435/1435
MOTIF: 213 SEQ: 1000/1435
MOTIF: 213 SEQ: 1435/1435
MOTIF: 214 SEQ: 1000/1435
MOTIF: 214 SEQ: 1435/1435
MOTIF: 215 SEQ: 1000/1435
MOTIF: 215 SEQ: 1435/1435
MOTIF: 216 SEQ: 1000/1435
MOTIF: 216 SEQ: 1435/1435
MOTIF: 217 SEQ: 1000/1435
MOTIF: 217 SEQ: 1435/1435
MOTIF: 218 SEQ: 1000/1435
MOTIF: 218 SEQ: 1435/1435
MOTIF: 219 SEQ: 1000/1435
MOTIF: 219 SEQ: 1435/1435
MOTIF: 220 SEQ: 1000/1435
MOTIF: 220 SEQ: 1435/1435
MOTIF: 221 SEQ: 1000/1435
MOTIF: 221 SEQ: 1435/1435
MOTIF: 222 SEQ: 1000/1435
MOTIF: 222 SEQ: 1435/1435
MOTIF: 223 SEQ: 1000/1435
MOTIF: 223 SEQ: 1435/1435
MOTIF: 224 SEQ: 1000/1435
MOTIF: 224 SEQ: 1435/1435
MOTIF: 225 SEQ: 1000/1435
MOTIF: 225 SEQ: 1435/1435
MOTIF: 226 SEQ: 1000/1435
MOTIF: 226 SEQ: 1435/1435
MOTIF: 227 SEQ: 1000/1435
MOTIF: 227 SEQ: 1435/1435
MOTIF: 228 SEQ: 1000/1435
MOTIF: 228 SEQ: 1435/1435
MOTIF: 229 SEQ: 1000/1435
MOTIF: 229 SEQ: 1435/1435
MOTIF: 230 SEQ: 1000/1435
MOTIF: 230 SEQ: 1435/1435
MOTIF: 231 SEQ: 1000/1435
MOTIF: 231 SEQ: 1435/1435
MOTIF: 232 SEQ: 1000/1435
MOTIF: 232 SEQ: 1435/1435
MOTIF: 233 SEQ: 1000/1435
MOTIF: 233 SEQ: 1435/1435
MOTIF: 234 SEQ: 1000/1435
MOTIF: 234 SEQ: 1435/1435
MOTIF: 235 SEQ: 1000/1435
MOTIF: 235 SEQ: 1435/1435
MOTIF: 236 SEQ: 1000/1435
MOTIF: 236 SEQ: 1435/1435
MOTIF: 237 SEQ: 1000/1435
MOTIF: 237 SEQ: 1435/1435
MOTIF: 238 SEQ: 1000/1435
MOTIF: 238 SEQ: 1435/1435
MOTIF: 239 SEQ: 1000/1435
MOTIF: 239 SEQ: 1435/1435
MOTIF: 240 SEQ: 1000/1435
MOTIF: 240 SEQ: 1435/1435
MOTIF: 241 SEQ: 1000/1435
MOTIF: 241 SEQ: 1435/1435
MOTIF: 242 SEQ: 1000/1435
MOTIF: 242 SEQ: 1435/1435
MOTIF: 243 SEQ: 1000/1435
MOTIF: 243 SEQ: 1435/1435
MOTIF: 244 SEQ: 1000/1435
MOTIF: 244 SEQ: 1435/1435
MOTIF: 245 SEQ: 1000/1435
MOTIF: 245 SEQ: 1435/1435
MOTIF: 246 SEQ: 1000/1435
MOTIF: 246 SEQ: 1435/1435
MOTIF: 247 SEQ: 1000/1435
MOTIF: 247 SEQ: 1435/1435
MOTIF: 248 SEQ: 1000/1435
MOTIF: 248 SEQ: 1435/1435
MOTIF: 249 SEQ: 1000/1435
MOTIF: 249 SEQ: 1435/1435
MOTIF: 250 SEQ: 1000/1435
MOTIF: 250 SEQ: 1435/1435
MOTIF: 251 SEQ: 1000/1435
MOTIF: 251 SEQ: 1435/1435
MOTIF: 252 SEQ: 1000/1435
MOTIF: 252 SEQ: 1435/1435
MOTIF: 253 SEQ: 1000/1435
MOTIF: 253 SEQ: 1435/1435
MOTIF: 254 SEQ: 1000/1435
MOTIF: 254 SEQ: 1435/1435
MOTIF: 255 SEQ: 1000/1435
MOTIF: 255 SEQ: 1435/1435
MOTIF: 256 SEQ: 1000/1435
MOTIF: 256 SEQ: 1435/1435
MOTIF: 257 SEQ: 1000/1435
MOTIF: 257 SEQ: 1435/1435
MOTIF: 258 SEQ: 1000/1435
MOTIF: 258 SEQ: 1435/1435
MOTIF: 259 SEQ: 1000/1435
MOTIF: 259 SEQ: 1435/1435
MOTIF: 260 SEQ: 1000/1435
MOTIF: 260 SEQ: 1435/1435
MOTIF: 261 SEQ: 1000/1435
MOTIF: 261 SEQ: 1435/1435
MOTIF: 262 SEQ: 1000/1435
MOTIF: 262 SEQ: 1435/1435
MOTIF: 263 SEQ: 1000/1435
MOTIF: 263 SEQ: 1435/1435
MOTIF: 264 SEQ: 1000/1435
MOTIF: 264 SEQ: 1435/1435
MOTIF: 265 SEQ: 1000/1435
MOTIF: 265 SEQ: 1435/1435
MOTIF: 266 SEQ: 1000/1435
MOTIF: 266 SEQ: 1435/1435
MOTIF: 267 SEQ: 1000/1435
MOTIF: 267 SEQ: 1435/1435
MOTIF: 268 SEQ: 1000/1435
MOTIF: 268 SEQ: 1435/1435
MOTIF: 269 SEQ: 1000/1435
MOTIF: 269 SEQ: 1435/1435
MOTIF: 270 SEQ: 1000/1435
MOTIF: 270 SEQ: 1435/1435
MOTIF: 271 SEQ: 1000/1435
MOTIF: 271 SEQ: 1435/1435
MOTIF: 272 SEQ: 1000/1435
MOTIF: 272 SEQ: 1435/1435
MOTIF: 273 SEQ: 1000/1435
MOTIF: 273 SEQ: 1435/1435
MOTIF: 274 SEQ: 1000/1435
MOTIF: 274 SEQ: 1435/1435
MOTIF: 275 SEQ: 1000/1435
MOTIF: 275 SEQ: 1435/1435
MOTIF: 276 SEQ: 1000/1435
MOTIF: 276 SEQ: 1435/1435
MOTIF: 277 SEQ: 1000/1435
MOTIF: 277 SEQ: 1435/1435
MOTIF: 278 SEQ: 1000/1435
MOTIF: 278 SEQ: 1435/1435
MOTIF: 279 SEQ: 1000/1435
MOTIF: 279 SEQ: 1435/1435
MOTIF: 280 SEQ: 1000/1435
MOTIF: 280 SEQ: 1435/1435
MOTIF: 281 SEQ: 1000/1435
MOTIF: 281 SEQ: 1435/1435
MOTIF: 282 SEQ: 1000/1435
MOTIF: 282 SEQ: 1435/1435
MOTIF: 283 SEQ: 1000/1435
MOTIF: 283 SEQ: 1435/1435
MOTIF: 284 SEQ: 1000/1435
MOTIF: 284 SEQ: 1435/1435
MOTIF: 285 SEQ: 1000/1435
MOTIF: 285 SEQ: 1435/1435
MOTIF: 286 SEQ: 1000/1435
MOTIF: 286 SEQ: 1435/1435
MOTIF: 287 SEQ: 1000/1435
MOTIF: 287 SEQ: 1435/1435
MOTIF: 288 SEQ: 1000/1435
MOTIF: 288 SEQ: 1435/1435
MOTIF: 289 SEQ: 1000/1435
MOTIF: 289 SEQ: 1435/1435
MOTIF: 290 SEQ: 1000/1435
MOTIF: 290 SEQ: 1435/1435
MOTIF: 291 SEQ: 1000/1435
MOTIF: 291 SEQ: 1435/1435
MOTIF: 292 SEQ: 1000/1435
MOTIF: 292 SEQ: 1435/1435
MOTIF: 293 SEQ: 1000/1435
MOTIF: 293 SEQ: 1435/1435
MOTIF: 294 SEQ: 1000/1435
MOTIF: 294 SEQ: 1435/1435
MOTIF: 295 SEQ: 1000/1435
MOTIF: 295 SEQ: 1435/1435
MOTIF: 296 SEQ: 1000/1435
MOTIF: 296 SEQ: 1435/1435
MOTIF: 297 SEQ: 1000/1435
MOTIF: 297 SEQ: 1435/1435
MOTIF: 298 SEQ: 1000/1435
MOTIF: 298 SEQ: 1435/1435
MOTIF: 299 SEQ: 1000/1435
MOTIF: 299 SEQ: 1435/1435
MOTIF: 300 SEQ: 1000/1435
MOTIF: 300 SEQ: 1435/1435
MOTIF: 301 SEQ: 1000/1435
MOTIF: 301 SEQ: 1435/1435
MOTIF: 302 SEQ: 1000/1435
MOTIF: 302 SEQ: 1435/1435
MOTIF: 303 SEQ: 1000/1435
MOTIF: 303 SEQ: 1435/1435
MOTIF: 304 SEQ: 1000/1435
MOTIF: 304 SEQ: 1435/1435
MOTIF: 305 SEQ: 1000/1435
MOTIF: 305 SEQ: 1435/1435
MOTIF: 306 SEQ: 1000/1435
MOTIF: 306 SEQ: 1435/1435
MOTIF: 307 SEQ: 1000/1435
MOTIF: 307 SEQ: 1435/1435
MOTIF: 308 SEQ: 1000/1435
MOTIF: 308 SEQ: 1435/1435
MOTIF: 309 SEQ: 1000/1435
MOTIF: 309 SEQ: 1435/1435
MOTIF: 310 SEQ: 1000/1435
MOTIF: 310 SEQ: 1435/1435
MOTIF: 311 SEQ: 1000/1435
MOTIF: 311 SEQ: 1435/1435
MOTIF: 312 SEQ: 1000/1435
MOTIF: 312 SEQ: 1435/1435
MOTIF: 313 SEQ: 1000/1435
MOTIF: 313 SEQ: 1435/1435
MOTIF: 314 SEQ: 1000/1435
MOTIF: 314 SEQ: 1435/1435
MOTIF: 315 SEQ: 1000/1435
MOTIF: 315 SEQ: 1435/1435
MOTIF: 316 SEQ: 1000/1435
MOTIF: 316 SEQ: 1435/1435
MOTIF: 317 SEQ: 1000/1435
MOTIF: 317 SEQ: 1435/1435
MOTIF: 318 SEQ: 1000/1435
MOTIF: 318 SEQ: 1435/1435
MOTIF: 319 SEQ: 1000/1435
MOTIF: 319 SEQ: 1435/1435
MOTIF: 320 SEQ: 1000/1435
MOTIF: 320 SEQ: 1435/1435
MOTIF: 321 SEQ: 1000/1435
MOTIF: 321 SEQ: 1435/1435
MOTIF: 322 SEQ: 1000/1435
MOTIF: 322 SEQ: 1435/1435
MOTIF: 323 SEQ: 1000/1435
MOTIF: 323 SEQ: 1435/1435
MOTIF: 324 SEQ: 1000/1435
MOTIF: 324 SEQ: 1435/1435
MOTIF: 325 SEQ: 1000/1435
MOTIF: 325 SEQ: 1435/1435
MOTIF: 326 SEQ: 1000/1435
MOTIF: 326 SEQ: 1435/1435
MOTIF: 327 SEQ: 1000/1435
MOTIF: 327 SEQ: 1435/1435
MOTIF: 328 SEQ: 1000/1435
MOTIF: 328 SEQ: 1435/1435
MOTIF: 329 SEQ: 1000/1435
MOTIF: 329 SEQ: 1435/1435
MOTIF: 330 SEQ: 1000/1435
MOTIF: 330 SEQ: 1435/1435
MOTIF: 331 SEQ: 1000/1435
MOTIF: 331 SEQ: 1435/1435
MOTIF: 332 SEQ: 1000/1435
MOTIF: 332 SEQ: 1435/1435
MOTIF: 333 SEQ: 1000/1435
MOTIF: 333 SEQ: 1435/1435
MOTIF: 334 SEQ: 1000/1435
MOTIF: 334 SEQ: 1435/1435
MOTIF: 335 SEQ: 1000/1435
MOTIF: 335 SEQ: 1435/1435
MOTIF: 336 SEQ: 1000/1435
MOTIF: 336 SEQ: 1435/1435
MOTIF: 337 SEQ: 1000/1435
MOTIF: 337 SEQ: 1435/1435
MOTIF: 338 SEQ: 1000/1435
MOTIF: 338 SEQ: 1435/1435
MOTIF: 339 SEQ: 1000/1435
MOTIF: 339 SEQ: 1435/1435
MOTIF: 340 SEQ: 1000/1435
MOTIF: 340 SEQ: 1435/1435
MOTIF: 341 SEQ: 1000/1435
MOTIF: 341 SEQ: 1435/1435
MOTIF: 342 SEQ: 1000/1435
MOTIF: 342 SEQ: 1435/1435
MOTIF: 343 SEQ: 1000/1435
MOTIF: 343 SEQ: 1435/1435
MOTIF: 344 SEQ: 1000/1435
MOTIF: 344 SEQ: 1435/1435
MOTIF: 345 SEQ: 1000/1435
MOTIF: 345 SEQ: 1435/1435
MOTIF: 346 SEQ: 1000/1435
MOTIF: 346 SEQ: 1435/1435
MOTIF: 347 SEQ: 1000/1435
MOTIF: 347 SEQ: 1435/1435
MOTIF: 348 SEQ: 1000/1435
MOTIF: 348 SEQ: 1435/1435
MOTIF: 349 SEQ: 1000/1435
MOTIF: 349 SEQ: 1435/1435
MOTIF: 350 SEQ: 1000/1435
MOTIF: 350 SEQ: 1435/1435
MOTIF: 351 SEQ: 1000/1435
MOTIF: 351 SEQ: 1435/1435
MOTIF: 352 SEQ: 1000/1435
MOTIF: 352 SEQ: 1435/1435
MOTIF: 353 SEQ: 1000/1435
MOTIF: 353 SEQ: 1435/1435
MOTIF: 354 SEQ: 1000/1435
MOTIF: 354 SEQ: 1435/1435
MOTIF: 355 SEQ: 1000/1435
MOTIF: 355 SEQ: 1435/1435
MOTIF: 356 SEQ: 1000/1435
MOTIF: 356 SEQ: 1435/1435
MOTIF: 357 SEQ: 1000/1435
MOTIF: 357 SEQ: 1435/1435
MOTIF: 358 SEQ: 1000/1435
MOTIF: 358 SEQ: 1435/1435
MOTIF: 359 SEQ: 1000/1435
MOTIF: 359 SEQ: 1435/1435
MOTIF: 360 SEQ: 1000/1435
MOTIF: 360 SEQ: 1435/1435
MOTIF: 361 SEQ: 1000/1435
MOTIF: 361 SEQ: 1435/1435
MOTIF: 362 SEQ: 1000/1435
MOTIF: 362 SEQ: 1435/1435
MOTIF: 363 SEQ: 1000/1435
MOTIF: 363 SEQ: 1435/1435
MOTIF: 364 SEQ: 1000/1435
MOTIF: 364 SEQ: 1435/1435
MOTIF: 365 SEQ: 1000/1435
MOTIF: 365 SEQ: 1435/1435
MOTIF: 366 SEQ: 1000/1435
MOTIF: 366 SEQ: 1435/1435
MOTIF: 367 SEQ: 1000/1435
MOTIF: 367 SEQ: 1435/1435
MOTIF: 368 SEQ: 1000/1435
MOTIF: 368 SEQ: 1435/1435
MOTIF: 369 SEQ: 1000/1435
MOTIF: 369 SEQ: 1435/1435
MOTIF: 370 SEQ: 1000/1435
MOTIF: 370 SEQ: 1435/1435
MOTIF: 371 SEQ: 1000/1435
MOTIF: 371 SEQ: 1435/1435
MOTIF: 372 SEQ: 1000/1435
MOTIF: 372 SEQ: 1435/1435
MOTIF: 373 SEQ: 1000/1435
MOTIF: 373 SEQ: 1435/1435
MOTIF: 374 SEQ: 1000/1435
MOTIF: 374 SEQ: 1435/1435
MOTIF: 375 SEQ: 1000/1435
MOTIF: 375 SEQ: 1435/1435
MOTIF: 376 SEQ: 1000/1435
MOTIF: 376 SEQ: 1435/1435
MOTIF: 377 SEQ: 1000/1435
MOTIF: 377 SEQ: 1435/1435
MOTIF: 378 SEQ: 1000/1435
MOTIF: 378 SEQ: 1435/1435
MOTIF: 379 SEQ: 1000/1435
MOTIF: 379 SEQ: 1435/1435
MOTIF: 380 SEQ: 1000/1435
MOTIF: 380 SEQ: 1435/1435
MOTIF: 381 SEQ: 1000/1435
MOTIF: 381 SEQ: 1435/1435
MOTIF: 382 SEQ: 1000/1435
MOTIF: 382 SEQ: 1435/1435
MOTIF: 383 SEQ: 1000/1435
MOTIF: 383 SEQ: 1435/1435
MOTIF: 384 SEQ: 1000/1435
MOTIF: 384 SEQ: 1435/1435
MOTIF: 385 SEQ: 1000/1435
MOTIF: 385 SEQ: 1435/1435
MOTIF: 386 SEQ: 1000/1435
MOTIF: 386 SEQ: 1435/1435
MOTIF: 387 SEQ: 1000/1435
MOTIF: 387 SEQ: 1435/1435
MOTIF: 388 SEQ: 1000/1435
MOTIF: 388 SEQ: 1435/1435
MOTIF: 389 SEQ: 1000/1435
MOTIF: 389 SEQ: 1435/1435
MOTIF: 390 SEQ: 1000/1435
MOTIF: 390 SEQ: 1435/1435
MOTIF: 391 SEQ: 1000/1435
MOTIF: 391 SEQ: 1435/1435
MOTIF: 392 SEQ: 1000/1435
MOTIF: 392 SEQ: 1435/1435
MOTIF: 393 SEQ: 1000/1435
MOTIF: 393 SEQ: 1435/1435
MOTIF: 394 SEQ: 1000/1435
MOTIF: 394 SEQ: 1435/1435
MOTIF: 395 SEQ: 1000/1435
MOTIF: 395 SEQ: 1435/1435
MOTIF: 396 SEQ: 1000/1435
MOTIF: 396 SEQ: 1435/1435
MOTIF: 397 SEQ: 1000/1435
MOTIF: 397 SEQ: 1435/1435
MOTIF: 398 SEQ: 1000/1435
MOTIF: 398 SEQ: 1435/1435
MOTIF: 399 SEQ: 1000/1435
MOTIF: 399 SEQ: 1435/1435
MOTIF: 400 SEQ: 1000/1435
MOTIF: 400 SEQ: 1435/1435
MOTIF: 401 SEQ: 1000/1435
MOTIF: 401 SEQ: 1435/1435
MOTIF: 402 SEQ: 1000/1435
MOTIF: 402 SEQ: 1435/1435
MOTIF: 403 SEQ: 1000/1435
MOTIF: 403 SEQ: 1435/1435
MOTIF: 404 SEQ: 1000/1435
MOTIF: 404 SEQ: 1435/1435
MOTIF: 405 SEQ: 1000/1435
MOTIF: 405 SEQ: 1435/1435
MOTIF: 406 SEQ: 1000/1435
MOTIF: 406 SEQ: 1435/1435
MOTIF: 407 SEQ: 1000/1435
MOTIF: 407 SEQ: 1435/1435
MOTIF: 408 SEQ: 1000/1435
MOTIF: 408 SEQ: 1435/1435
MOTIF: 409 SEQ: 1000/1435
MOTIF: 409 SEQ: 1435/1435
MOTIF: 410 SEQ: 1000/1435
MOTIF: 410 SEQ: 1435/1435
MOTIF: 411 SEQ: 1000/1435
MOTIF: 411 SEQ: 1435/1435
MOTIF: 412 SEQ: 1000/1435
MOTIF: 412 SEQ: 1435/1435
MOTIF: 413 SEQ: 1000/1435
MOTIF: 413 SEQ: 1435/1435
MOTIF: 414 SEQ: 1000/1435
MOTIF: 414 SEQ: 1435/1435
MOTIF: 415 SEQ: 1000/1435
MOTIF: 415 SEQ: 1435/1435
MOTIF: 416 SEQ: 1000/1435
MOTIF: 416 SEQ: 1435/1435
MOTIF: 417 SEQ: 1000/1435
MOTIF: 417 SEQ: 1435/1435
MOTIF: 418 SEQ: 1000/1435
MOTIF: 418 SEQ: 1435/1435
MOTIF: 419 SEQ: 1000/1435
MOTIF: 419 SEQ: 1435/1435
MOTIF: 420 SEQ: 1000/1435
MOTIF: 420 SEQ: 1435/1435
MOTIF: 421 SEQ: 1000/1435
MOTIF: 421 SEQ: 1435/1435
MOTIF: 422 SEQ: 1000/1435
MOTIF: 422 SEQ: 1435/1435
MOTIF: 423 SEQ: 1000/1435
MOTIF: 423 SEQ: 1435/1435
MOTIF: 424 SEQ: 1000/1435
MOTIF: 424 SEQ: 1435/1435
MOTIF: 425 SEQ: 1000/1435
MOTIF: 425 SEQ: 1435/1435
MOTIF: 426 SEQ: 1000/1435
MOTIF: 426 SEQ: 1435/1435
MOTIF: 427 SEQ: 1000/1435
MOTIF: 427 SEQ: 1435/1435
MOTIF: 428 SEQ: 1000/1435
MOTIF: 428 SEQ: 1435/1435
MOTIF: 429 SEQ: 1000/1435
MOTIF: 429 SEQ: 1435/1435
MOTIF: 430 SEQ: 1000/1435
MOTIF: 430 SEQ: 1435/1435
MOTIF: 431 SEQ: 1000/1435
MOTIF: 431 SEQ: 1435/1435
MOTIF: 432 SEQ: 1000/1435
MOTIF: 432 SEQ: 1435/1435
MOTIF: 433 SEQ: 1000/1435
MOTIF: 433 SEQ: 1435/1435
MOTIF: 434 SEQ: 1000/1435
MOTIF: 434 SEQ: 1435/1435
MOTIF: 435 SEQ: 1000/1435
MOTIF: 435 SEQ: 1435/1435
MOTIF: 436 SEQ: 1000/1435
MOTIF: 436 SEQ: 1435/1435
MOTIF: 437 SEQ: 1000/1435
MOTIF: 437 SEQ: 1435/1435
MOTIF: 438 SEQ: 1000/1435
MOTIF: 438 SEQ: 1435/1435
MOTIF: 439 SEQ: 1000/1435
MOTIF: 439 SEQ: 1435/1435
MOTIF: 440 SEQ: 1000/1435
MOTIF: 440 SEQ: 1435/1435
MOTIF: 441 SEQ: 1000/1435
MOTIF: 441 SEQ: 1435/1435
MOTIF: 442 SEQ: 1000/1435
MOTIF: 442 SEQ: 1435/1435
MOTIF: 443 SEQ: 1000/1435
MOTIF: 443 SEQ: 1435/1435
MOTIF: 444 SEQ: 1000/1435
MOTIF: 444 SEQ: 1435/1435
MOTIF: 445 SEQ: 1000/1435
MOTIF: 445 SEQ: 1435/1435
MOTIF: 446 SEQ: 1000/1435
MOTIF: 446 SEQ: 1435/1435
MOTIF: 447 SEQ: 1000/1435
MOTIF: 447 SEQ: 1435/1435
MOTIF: 448 SEQ: 1000/1435
MOTIF: 448 SEQ: 1435/1435
MOTIF: 449 SEQ: 1000/1435
MOTIF: 449 SEQ: 1435/1435
MOTIF: 450 SEQ: 1000/1435
MOTIF: 450 SEQ: 1435/1435
MOTIF: 451 SEQ: 1000/1435
MOTIF: 451 SEQ: 1435/1435
MOTIF: 452 SEQ: 1000/1435
MOTIF: 452 SEQ: 1435/1435
MOTIF: 453 SEQ: 1000/1435
MOTIF: 453 SEQ: 1435/1435
MOTIF: 454 SEQ: 1000/1435
MOTIF: 454 SEQ: 1435/1435
MOTIF: 455 SEQ: 1000/1435
MOTIF: 455 SEQ: 1435/1435
MOTIF: 456 SEQ: 1000/1435
MOTIF: 456 SEQ: 1435/1435
MOTIF: 457 SEQ: 1000/1435
MOTIF: 457 SEQ: 1435/1435
MOTIF: 458 SEQ: 1000/1435
MOTIF: 458 SEQ: 1435/1435
MOTIF: 459 SEQ: 1000/1435
MOTIF: 459 SEQ: 1435/1435
MOTIF: 460 SEQ: 1000/1435
MOTIF: 460 SEQ: 1435/1435
MOTIF: 461 SEQ: 1000/1435
MOTIF: 461 SEQ: 1435/1435
MOTIF: 462 SEQ: 1000/1435
MOTIF: 462 SEQ: 1435/1435
MOTIF: 463 SEQ: 1000/1435
MOTIF: 463 SEQ: 1435/1435
MOTIF: 464 SEQ: 1000/1435
MOTIF: 464 SEQ: 1435/1435
MOTIF: 465 SEQ: 1000/1435
MOTIF: 465 SEQ: 1435/1435
MOTIF: 466 SEQ: 1000/1435
MOTIF: 466 SEQ: 1435/1435
MOTIF: 467 SEQ: 1000/1435
MOTIF: 467 SEQ: 1435/1435
MOTIF: 468 SEQ: 1000/1435
MOTIF: 468 SEQ: 1435/1435
MOTIF: 469 SEQ: 1000/1435
MOTIF: 469 SEQ: 1435/1435
MOTIF: 470 SEQ: 1000/1435
MOTIF: 470 SEQ: 1435/1435
MOTIF: 471 SEQ: 1000/1435
MOTIF: 471 SEQ: 1435/1435
MOTIF: 472 SEQ: 1000/1435
MOTIF: 472 SEQ: 1435/1435
MOTIF: 473 SEQ: 1000/1435
MOTIF: 473 SEQ: 1435/1435
MOTIF: 474 SEQ: 1000/1435
MOTIF: 474 SEQ: 1435/1435
MOTIF: 475 SEQ: 1000/1435
MOTIF: 475 SEQ: 1435/1435
MOTIF: 476 SEQ: 1000/1435
MOTIF: 476 SEQ: 1435/1435
MOTIF: 477 SEQ: 1000/1435
MOTIF: 477 SEQ: 1435/1435
MOTIF: 478 SEQ: 1000/1435
MOTIF: 478 SEQ: 1435/1435
MOTIF: 479 SEQ: 1000/1435
MOTIF: 479 SEQ: 1435/1435
MOTIF: 480 SEQ: 1000/1435
MOTIF: 480 SEQ: 1435/1435
MOTIF: 481 SEQ: 1000/1435
MOTIF: 481 SEQ: 1435/1435
MOTIF: 482 SEQ: 1000/1435
MOTIF: 482 SEQ: 1435/1435
MOTIF: 483 SEQ: 1000/1435
MOTIF: 483 SEQ: 1435/1435
MOTIF: 484 SEQ: 1000/1435
MOTIF: 484 SEQ: 1435/1435
MOTIF: 485 SEQ: 1000/1435
MOTIF: 485 SEQ: 1435/1435
MOTIF: 486 SEQ: 1000/1435
MOTIF: 486 SEQ: 1435/1435
MOTIF: 487 SEQ: 1000/1435
MOTIF: 487 SEQ: 1435/1435
MOTIF: 488 SEQ: 1000/1435
MOTIF: 488 SEQ: 1435/1435
MOTIF: 489 SEQ: 1000/1435
MOTIF: 489 SEQ: 1435/1435
MOTIF: 490 SEQ: 1000/1435
MOTIF: 490 SEQ: 1435/1435
MOTIF: 491 SEQ: 1000/1435
MOTIF: 491 SEQ: 1435/1435
MOTIF: 492 SEQ: 1000/1435
MOTIF: 492 SEQ: 1435/1435
MOTIF: 493 SEQ: 1000/1435
MOTIF: 493 SEQ: 1435/1435
MOTIF: 494 SEQ: 1000/1435
MOTIF: 494 SEQ: 1435/1435
MOTIF: 495 SEQ: 1000/1435
MOTIF: 495 SEQ: 1435/1435
MOTIF: 496 SEQ: 1000/1435
MOTIF: 496 SEQ: 1435/1435
MOTIF: 497 SEQ: 1000/1435
MOTIF: 497 SEQ: 1435/1435
MOTIF: 498 SEQ: 1000/1435
MOTIF: 498 SEQ: 1435/1435
MOTIF: 499 SEQ: 1000/1435
MOTIF: 499 SEQ: 1435/1435
MOTIF: 500 SEQ: 1000/1435
MOTIF: 500 SEQ: 1435/1435
MOTIF: 501 SEQ: 1000/1435
MOTIF: 501 SEQ: 1435/1435
MOTIF: 502 SEQ: 1000/1435
MOTIF: 502 SEQ: 1435/1435
MOTIF: 503 SEQ: 1000/1435
MOTIF: 503 SEQ: 1435/1435
MOTIF: 504 SEQ: 1000/1435
MOTIF: 504 SEQ: 1435/1435
MOTIF: 505 SEQ: 1000/1435
MOTIF: 505 SEQ: 1435/1435
MOTIF: 506 SEQ: 1000/1435
MOTIF: 506 SEQ: 1435/1435
MOTIF: 507 SEQ: 1000/1435
MOTIF: 507 SEQ: 1435/1435
MOTIF: 508 SEQ: 1000/1435
MOTIF: 508 SEQ: 1435/1435
MOTIF: 509 SEQ: 1000/1435
MOTIF: 509 SEQ: 1435/1435
MOTIF: 510 SEQ: 1000/1435
MOTIF: 510 SEQ: 1435/1435
MOTIF: 511 SEQ: 1000/1435
MOTIF: 511 SEQ: 1435/1435
MOTIF: 512 SEQ: 1000/1435
MOTIF: 512 SEQ: 1435/1435
MOTIF: 513 SEQ: 1000/1435
MOTIF: 513 SEQ: 1435/1435
MOTIF: 514 SEQ: 1000/1435
MOTIF: 514 SEQ: 1435/1435
MOTIF: 515 SEQ: 1000/1435
MOTIF: 515 SEQ: 1435/1435
MOTIF: 516 SEQ: 1000/1435
MOTIF: 516 SEQ: 1435/1435
MOTIF: 517 SEQ: 1000/1435
MOTIF: 517 SEQ: 1435/1435
MOTIF: 518 SEQ: 1000/1435
MOTIF: 518 SEQ: 1435/1435
MOTIF: 519 SEQ: 1000/1435
MOTIF: 519 SEQ: 1435/1435
MOTIF: 520 SEQ: 1000/1435
MOTIF: 520 SEQ: 1435/1435
MOTIF: 521 SEQ: 1000/1435
MOTIF: 521 SEQ: 1435/1435
MOTIF: 522 SEQ: 1000/1435
MOTIF: 522 SEQ: 1435/1435
MOTIF: 523 SEQ: 1000/1435
MOTIF: 523 SEQ: 1435/1435
MOTIF: 524 SEQ: 1000/1435
MOTIF: 524 SEQ: 1435/1435
MOTIF: 525 SEQ: 1000/1435
MOTIF: 525 SEQ: 1435/1435
MOTIF: 526 SEQ: 1000/1435
MOTIF: 526 SEQ: 1435/1435
MOTIF: 527 SEQ: 1000/1435
MOTIF: 527 SEQ: 1435/1435
MOTIF: 528 SEQ: 1000/1435
MOTIF: 528 SEQ: 1435/1435
MOTIF: 529 SEQ: 1000/1435
MOTIF: 529 SEQ: 1435/1435
MOTIF: 530 SEQ: 1000/1435
MOTIF: 530 SEQ: 1435/1435
MOTIF: 531 SEQ: 1000/1435
MOTIF: 531 SEQ: 1435/1435
MOTIF: 532 SEQ: 1000/1435
MOTIF: 532 SEQ: 1435/1435
MOTIF: 533 SEQ: 1000/1435
MOTIF: 533 SEQ: 1435/1435
MOTIF: 534 SEQ: 1000/1435
MOTIF: 534 SEQ: 1435/1435
MOTIF: 535 SEQ: 1000/1435
MOTIF: 535 SEQ: 1435/1435
MOTIF: 536 SEQ: 1000/1435
MOTIF: 536 SEQ: 1435/1435
MOTIF: 537 SEQ: 1000/1435
MOTIF: 537 SEQ: 1435/1435
MOTIF: 538 SEQ: 1000/1435
MOTIF: 538 SEQ: 1435/1435
MOTIF: 539 SEQ: 1000/1435
MOTIF: 539 SEQ: 1435/1435
MOTIF: 540 SEQ: 1000/1435
MOTIF: 540 SEQ: 1435/1435
MOTIF: 541 SEQ: 1000/1435
MOTIF: 541 SEQ: 1435/1435
MOTIF: 542 SEQ: 1000/1435
MOTIF: 542 SEQ: 1435/1435
MOTIF: 543 SEQ: 1000/1435
MOTIF: 543 SEQ: 1435/1435
MOTIF: 544 SEQ: 1000/1435
MOTIF: 544 SEQ: 1435/1435
[EXEC] Generating Constitutive Intron Background...
[EXEC] Extracting Constitutive intron sequences...
[EXEC] Extracting Constitutive 5ss sequences...
[EXEC] Extracting Constitutive 3ss sequences...
[INFO] Scoring 5ss using Native MaxEnt Scorer...
[INFO] Scoring 3ss using Native MaxEnt Scorer...
[INFO] Analysis 5A: MaxEntScan Statistical Comparison...
[STATS] 5'SS MaxEnt Score: UFM1_dependent (7.08) vs Constitutive (8.20) -> p=2.92e-04
[STATS] 3'SS MaxEnt Score: UFM1_dependent (7.32) vs Constitutive (8.35) -> p=2.91e-03
[STATS] 5'SS MaxEnt Score: UFM1_independent (7.93) vs Constitutive (8.20) -> p=2.50e-01
[STATS] 3'SS MaxEnt Score: UFM1_independent (7.75) vs Constitutive (8.35) -> p=2.18e-01
[INFO] Analysis 5C: GC Content & Length Analysis...
[INFO] Summary Stats saved to hs_RI_direct/human/nucleus/step10_motif_analysis/RI_DeepDive_dPSI_negative/summary_stats.tsv
[INFO] Generating Master Feature File...
[INFO] Plotting Consolidated Features...
[EXEC] Plotting Features...
[INFO] Analysis 5B: Running AME with /Users/ranjithpapareddy/Desktop/Desktop-Ranjith-iMac/forGIT/UFMylation_Ribosome_stalling_RNA_Splicing/Part4_Splicing_Analysis/data/motifs/CisBP_Human_All.meme...
[EXEC] AME: UFM1_dependent vs Constitutive...
[EXEC] AME: UFM1_independent vs Constitutive...
