/opt/homebrew/Caskroom/miniforge/base/envs/meme_env/bin/dreme:1344: SyntaxWarning: "\s" is an invalid escape sequence. Such sequences will not work in the future. Did you mean "\\s"? A raw string is also an option.
  space_re = re.compile("\s+")
Reading positive sequences hs_RI_direct/human/nucleus/step10_motif_analysis/RI_DeepDive_dPSI_positive/lost.intron.fa ...
Reading negative sequences hs_RI_direct/human/nucleus/step10_motif_analysis/RI_DeepDive_dPSI_positive/preserved.intron.fa ...
Looking for motif 1...
Counting positive sequences with each word...
Counting negative sequences with each word...
Applying Fisher's Exact Test to 39715 words...
Generalizing top 100 of 39715 REs to 1 ambiguous characters...
Generalizing top 100 of 235 REs to 2 ambiguous characters...
Generalizing top 9 of 9 REs to 3 ambiguous characters...
Computing exact p-values for 100 REs...
Best RE was TACMMA TKKGTA p-value= 2.8e-008 E-value= 1.1e-003 Unerased_E-value= 1.1e-003
Erasing best word (TACMMA TKKGTA)...
Looking for motif 2...
Counting positive sequences with each word...
Counting negative sequences with each word...
Applying Fisher's Exact Test to 39407 words...
Generalizing top 100 of 39407 REs to 1 ambiguous characters...
Generalizing top 100 of 199 REs to 2 ambiguous characters...
Generalizing top 8 of 8 REs to 3 ambiguous characters...
Computing exact p-values for 100 REs...
Best RE was AATTTBA TVAAATT p-value= 1.1e-006 E-value= 4.2e-002 Unerased_E-value= 2.1e-002
Erasing best word (AATTTBA TVAAATT)...
Looking for motif 3...
Counting positive sequences with each word...
Counting negative sequences with each word...
Applying Fisher's Exact Test to 39361 words...
Generalizing top 100 of 39361 REs to 1 ambiguous characters...
Generalizing top 100 of 185 REs to 2 ambiguous characters...
Generalizing top 9 of 9 REs to 3 ambiguous characters...
Computing exact p-values for 100 REs...
Best RE was AAMAGA TCTKTT p-value= 1.4e-006 E-value= 5.7e-002 Unerased_E-value= 2.5e-002
Stopping due to hitting the maximum evalue.
2 motifs with E-value < 0.05 found in 7.9 seconds.
Creating HTML file.
Creating text file.
[INFO] Processing lost (n=460)...
[EXEC] Extracting 5ss sequences for lost...
[EXEC] Extracting 3ss sequences for lost...
[EXEC] Extracting intron sequences for lost...
[INFO] Scoring 5ss using Native MaxEnt Scorer...
[INFO] Scoring 3ss using Native MaxEnt Scorer...
[INFO] Processing preserved (n=249)...
[EXEC] Extracting 5ss sequences for preserved...
[EXEC] Extracting 3ss sequences for preserved...
[EXEC] Extracting intron sequences for preserved...
[INFO] Scoring 5ss using Native MaxEnt Scorer...
[INFO] Scoring 3ss using Native MaxEnt Scorer...
[INFO] Running MEME/AME Enrichment (Lost vs Preserved)...
[EXEC] Running DREME (De Novo Motif Discovery)...
