[INFO] Reference Group for Odds Ratio: Genome
[STATS] Start_Codon: UFM1_dependent_dPSI_negative vs Genome -> OR=inf, p=1.06e-10 ***
[STATS] Start_Codon: UFM1_dependent_dPSI_positive vs Genome -> OR=inf, p=1.95e-23 ***
[STATS] Start_Codon: UFM1_independent_dPSI_negative vs Genome -> OR=inf, p=6.63e-36 ***
[STATS] Start_Codon: UFM1_independent_dPSI_positive vs Genome -> OR=inf, p=4.90e-10 ***
[STATS] Stop_Codon: UFM1_dependent_dPSI_negative vs Genome -> OR=inf, p=2.60e-98 ***
[STATS] Stop_Codon: UFM1_dependent_dPSI_positive vs Genome -> OR=inf, p=3.47e-184 ***
[STATS] Stop_Codon: UFM1_independent_dPSI_negative vs Genome -> OR=inf, p=4.06e-104 ***
[STATS] Stop_Codon: UFM1_independent_dPSI_positive vs Genome -> OR=inf, p=4.81e-104 ***
[STATS] CDS: UFM1_dependent_dPSI_negative vs Genome -> OR=0.11, p=6.79e-36 ***
[STATS] CDS: UFM1_dependent_dPSI_positive vs Genome -> OR=0.08, p=2.66e-134 ***
[STATS] CDS: UFM1_independent_dPSI_negative vs Genome -> OR=0.07, p=2.76e-31 ***
[STATS] CDS: UFM1_independent_dPSI_positive vs Genome -> OR=0.06, p=7.82e-85 ***
[STATS] 5UTR: UFM1_dependent_dPSI_negative vs Genome -> OR=0.69, p=2.23e-01 
[STATS] 5UTR: UFM1_dependent_dPSI_positive vs Genome -> OR=0.77, p=9.46e-02 
[STATS] 5UTR: UFM1_independent_dPSI_negative vs Genome -> OR=0.28, p=4.29e-03 **
[STATS] 5UTR: UFM1_independent_dPSI_positive vs Genome -> OR=0.62, p=3.69e-02 *
[STATS] 3UTR: UFM1_dependent_dPSI_negative vs Genome -> OR=12.72, p=3.42e-37 ***
[STATS] 3UTR: UFM1_dependent_dPSI_positive vs Genome -> OR=17.86, p=5.88e-155 ***
[STATS] 3UTR: UFM1_independent_dPSI_negative vs Genome -> OR=8.24, p=1.64e-15 ***
[STATS] 3UTR: UFM1_independent_dPSI_positive vs Genome -> OR=21.69, p=1.85e-100 ***
[STATS] Intronic: UFM1_dependent_dPSI_negative vs Genome -> OR=0.00, p=1.24e-07 ***
[STATS] Intronic: UFM1_dependent_dPSI_positive vs Genome -> OR=0.00, p=2.64e-22 ***
[STATS] Intronic: UFM1_independent_dPSI_negative vs Genome -> OR=0.00, p=4.12e-05 ***
[STATS] Intronic: UFM1_independent_dPSI_positive vs Genome -> OR=0.00, p=3.22e-12 ***
[STATS] NonCoding: UFM1_dependent_dPSI_negative vs Genome -> OR=inf, p=8.80e-41 ***
[STATS] NonCoding: UFM1_dependent_dPSI_positive vs Genome -> OR=inf, p=6.30e-138 ***
[STATS] NonCoding: UFM1_independent_dPSI_negative vs Genome -> OR=inf, p=5.37e-43 ***
[STATS] NonCoding: UFM1_independent_dPSI_positive vs Genome -> OR=inf, p=1.01e-97 ***
[DONE] Saved stats table to hs_RI_direct/human/nucleus/step06_protein_sequence_impact/RI_Position_Stats.tsv
[DONE] Saved Log2 Odds Ratio plot to hs_RI_direct/human/nucleus/step06_protein_sequence_impact/RI_Position_Distribution.png
