/opt/homebrew/Caskroom/miniforge/base/envs/meme_env/bin/dreme:1344: SyntaxWarning: "\s" is an invalid escape sequence. Such sequences will not work in the future. Did you mean "\\s"? A raw string is also an option.
  space_re = re.compile("\s+")
Reading positive sequences hs_RI_direct/human/nucleus/step10_motif_analysis/RI_DeepDive_dPSI_negative/lost.intron.fa ...
Reading negative sequences hs_RI_direct/human/nucleus/step10_motif_analysis/RI_DeepDive_dPSI_negative/preserved.intron.fa ...
Looking for motif 1...
Counting positive sequences with each word...
Counting negative sequences with each word...
Applying Fisher's Exact Test to 35141 words...
Generalizing top 100 of 35141 REs to 1 ambiguous characters...
Computing exact p-values for 0 REs...
Best RE was CAGACCTG CAGGTCTG p-value= 5.3e-003 E-value= 1.9e+002 Unerased_E-value= 1.9e+002
Stopping due to hitting the maximum evalue.
0 motifs with E-value < 0.05 found in 1.2 seconds.
Creating HTML file.
Creating text file.
[INFO] Processing lost (n=150)...
[EXEC] Extracting 5ss sequences for lost...
[EXEC] Extracting 3ss sequences for lost...
[EXEC] Extracting intron sequences for lost...
[INFO] Scoring 5ss using Native MaxEnt Scorer...
[INFO] Scoring 3ss using Native MaxEnt Scorer...
[INFO] Processing preserved (n=100)...
[EXEC] Extracting 5ss sequences for preserved...
[EXEC] Extracting 3ss sequences for preserved...
[EXEC] Extracting intron sequences for preserved...
[INFO] Scoring 5ss using Native MaxEnt Scorer...
[INFO] Scoring 3ss using Native MaxEnt Scorer...
[INFO] Running MEME/AME Enrichment (Lost vs Preserved)...
[EXEC] Running DREME (De Novo Motif Discovery)...
