Starting RNA Map analysis...
Arguments: Namespace(lost='results/arabidopsis/nucleus/step01_data_prep/UFM1_dependent_dPSI_negative.tsv', preserved='results/arabidopsis/nucleus/step01_data_prep/UFM1_independent_dPSI_negative.tsv', constitutive=None, genome='/Users/ranjithpapareddy/Desktop/Desktop-Ranjith-iMac/forGIT/UFMylation_Ribosome_stalling_RNA_Splicing/Part4_Splicing_Analysis/data/arabidopsis/Arabidopsis_thaliana_TAIR10.dna.primary_assembly.fa', motif_db='/Users/ranjithpapareddy/Desktop/Desktop-Ranjith-iMac/forGIT/UFMylation_Ribosome_stalling_RNA_Splicing/Part4_Splicing_Analysis/data/motifs/CisBP_Arabidopsis_All.meme', motifs=['RBMY1D', 'MBNL1', 'PCBP2', 'PCBP3', 'SRSF5', 'SRSF3', 'SRSF3_SRp20'], outdir='results/arabidopsis/nucleus/step10_rna_maps', window=50, smooth=40)
Loading Lost (Dependent): results/arabidopsis/nucleus/step01_data_prep/UFM1_dependent_dPSI_negative.tsv
Loading Preserved (Independent): results/arabidopsis/nucleus/step01_data_prep/UFM1_independent_dPSI_negative.tsv
Filtering UFM1_dependent for RI events...
Extracting coords for UFM1_dependent (n=54)...
Filtering UFM1_independent for RI events...
Extracting coords for UFM1_independent (n=18)...
[EXEC] Extracting 5'SS sequences for UFM1_dependent...
[EXEC] Extracting 5'SS sequences for UFM1_independent...
[EXEC] Extracting 3'SS sequences for UFM1_dependent...
[EXEC] Extracting 3'SS sequences for UFM1_independent...
Loading motifs ['RBMY1D', 'MBNL1', 'PCBP2', 'PCBP3', 'SRSF5', 'SRSF3', 'SRSF3_SRp20'] from /Users/ranjithpapareddy/Desktop/Desktop-Ranjith-iMac/forGIT/UFMylation_Ribosome_stalling_RNA_Splicing/Part4_Splicing_Analysis/data/motifs/CisBP_Arabidopsis_All.meme...
Found 1 matching motifs: ['SRSF3_SRp20']
Processing Motif: SRSF3_SRp20 (SRSF3_SRp20)...
[DEBUG] Scanning results/arabidopsis/nucleus/step10_rna_maps/UFM1_dependent.5ss.fa for 1 motifs...
[DEBUG] Scanned 54 sequences. Max Score: 7.50. Total Hits: 141
[DEBUG] Scanning results/arabidopsis/nucleus/step10_rna_maps/UFM1_independent.5ss.fa for 1 motifs...
[DEBUG] Scanned 18 sequences. Max Score: 7.50. Total Hits: 40
[DEBUG] Scanning results/arabidopsis/nucleus/step10_rna_maps/UFM1_dependent.3ss.fa for 1 motifs...
[DEBUG] Scanned 54 sequences. Max Score: 7.50. Total Hits: 115
[DEBUG] Scanning results/arabidopsis/nucleus/step10_rna_maps/UFM1_independent.3ss.fa for 1 motifs...
[DEBUG] Scanned 18 sequences. Max Score: 7.50. Total Hits: 30
Saved results/arabidopsis/nucleus/step10_rna_maps/RNA_Map_SRSF3_SRp20_SRSF3_SRp20.png
